Archive member included to satisfy reference by file (symbol)

/usr/lib/gcc/arm-none-eabi/4.9.3/../../../arm-none-eabi/lib/armv7-m/libc.a(lib_a-atexit.o)
                              /usr/lib/gcc/arm-none-eabi/4.9.3/../../../arm-none-eabi/lib/armv7-m/crt0.o (atexit)
/usr/lib/gcc/arm-none-eabi/4.9.3/../../../arm-none-eabi/lib/armv7-m/libc.a(lib_a-exit.o)
                              /usr/lib/gcc/arm-none-eabi/4.9.3/../../../arm-none-eabi/lib/armv7-m/crt0.o (exit)
/usr/lib/gcc/arm-none-eabi/4.9.3/../../../arm-none-eabi/lib/armv7-m/libc.a(lib_a-fini.o)
                              /usr/lib/gcc/arm-none-eabi/4.9.3/../../../arm-none-eabi/lib/armv7-m/crt0.o (__libc_fini_array)
/usr/lib/gcc/arm-none-eabi/4.9.3/../../../arm-none-eabi/lib/armv7-m/libc.a(lib_a-gets.o)
                              build/testador.o (gets)
/usr/lib/gcc/arm-none-eabi/4.9.3/../../../arm-none-eabi/lib/armv7-m/libc.a(lib_a-impure.o)
                              /usr/lib/gcc/arm-none-eabi/4.9.3/../../../arm-none-eabi/lib/armv7-m/libc.a(lib_a-exit.o) (_global_impure_ptr)
/usr/lib/gcc/arm-none-eabi/4.9.3/../../../arm-none-eabi/lib/armv7-m/libc.a(lib_a-init.o)
                              /usr/lib/gcc/arm-none-eabi/4.9.3/../../../arm-none-eabi/lib/armv7-m/crt0.o (__libc_init_array)
/usr/lib/gcc/arm-none-eabi/4.9.3/../../../arm-none-eabi/lib/armv7-m/libc.a(lib_a-memset.o)
                              /usr/lib/gcc/arm-none-eabi/4.9.3/../../../arm-none-eabi/lib/armv7-m/crt0.o (memset)
/usr/lib/gcc/arm-none-eabi/4.9.3/../../../arm-none-eabi/lib/armv7-m/libc.a(lib_a-printf.o)
                              build/testador.o (printf)
/usr/lib/gcc/arm-none-eabi/4.9.3/../../../arm-none-eabi/lib/armv7-m/libc.a(lib_a-rget.o)
                              /usr/lib/gcc/arm-none-eabi/4.9.3/../../../arm-none-eabi/lib/armv7-m/libc.a(lib_a-gets.o) (__srget_r)
/usr/lib/gcc/arm-none-eabi/4.9.3/../../../arm-none-eabi/lib/armv7-m/libc.a(lib_a-vfprintf.o)
                              /usr/lib/gcc/arm-none-eabi/4.9.3/../../../arm-none-eabi/lib/armv7-m/libc.a(lib_a-printf.o) (_vfprintf_r)
/usr/lib/gcc/arm-none-eabi/4.9.3/../../../arm-none-eabi/lib/armv7-m/libc.a(lib_a-wsetup.o)
                              /usr/lib/gcc/arm-none-eabi/4.9.3/../../../arm-none-eabi/lib/armv7-m/libc.a(lib_a-vfprintf.o) (__swsetup_r)
/usr/lib/gcc/arm-none-eabi/4.9.3/../../../arm-none-eabi/lib/armv7-m/libc.a(lib_a-__atexit.o)
                              /usr/lib/gcc/arm-none-eabi/4.9.3/../../../arm-none-eabi/lib/armv7-m/libc.a(lib_a-atexit.o) (__register_exitproc)
/usr/lib/gcc/arm-none-eabi/4.9.3/../../../arm-none-eabi/lib/armv7-m/libc.a(lib_a-__call_atexit.o)
                              /usr/lib/gcc/arm-none-eabi/4.9.3/../../../arm-none-eabi/lib/armv7-m/libc.a(lib_a-exit.o) (__call_exitprocs)
/usr/lib/gcc/arm-none-eabi/4.9.3/../../../arm-none-eabi/lib/armv7-m/libc.a(lib_a-dtoa.o)
                              /usr/lib/gcc/arm-none-eabi/4.9.3/../../../arm-none-eabi/lib/armv7-m/libc.a(lib_a-vfprintf.o) (_dtoa_r)
/usr/lib/gcc/arm-none-eabi/4.9.3/../../../arm-none-eabi/lib/armv7-m/libc.a(lib_a-fflush.o)
                              /usr/lib/gcc/arm-none-eabi/4.9.3/../../../arm-none-eabi/lib/armv7-m/libc.a(lib_a-vfprintf.o) (_fflush_r)
/usr/lib/gcc/arm-none-eabi/4.9.3/../../../arm-none-eabi/lib/armv7-m/libc.a(lib_a-findfp.o)
                              /usr/lib/gcc/arm-none-eabi/4.9.3/../../../arm-none-eabi/lib/armv7-m/libc.a(lib_a-gets.o) (__sinit)
/usr/lib/gcc/arm-none-eabi/4.9.3/../../../arm-none-eabi/lib/armv7-m/libc.a(lib_a-freer.o)
                              /usr/lib/gcc/arm-none-eabi/4.9.3/../../../arm-none-eabi/lib/armv7-m/libc.a(lib_a-wsetup.o) (_free_r)
/usr/lib/gcc/arm-none-eabi/4.9.3/../../../arm-none-eabi/lib/armv7-m/libc.a(lib_a-fwalk.o)
                              /usr/lib/gcc/arm-none-eabi/4.9.3/../../../arm-none-eabi/lib/armv7-m/libc.a(lib_a-findfp.o) (_fwalk)
/usr/lib/gcc/arm-none-eabi/4.9.3/../../../arm-none-eabi/lib/armv7-m/libc.a(lib_a-locale.o)
                              /usr/lib/gcc/arm-none-eabi/4.9.3/../../../arm-none-eabi/lib/armv7-m/libc.a(lib_a-vfprintf.o) (_localeconv_r)
/usr/lib/gcc/arm-none-eabi/4.9.3/../../../arm-none-eabi/lib/armv7-m/libc.a(lib_a-makebuf.o)
                              /usr/lib/gcc/arm-none-eabi/4.9.3/../../../arm-none-eabi/lib/armv7-m/libc.a(lib_a-wsetup.o) (__smakebuf_r)
/usr/lib/gcc/arm-none-eabi/4.9.3/../../../arm-none-eabi/lib/armv7-m/libc.a(lib_a-mallocr.o)
                              /usr/lib/gcc/arm-none-eabi/4.9.3/../../../arm-none-eabi/lib/armv7-m/libc.a(lib_a-findfp.o) (_malloc_r)
/usr/lib/gcc/arm-none-eabi/4.9.3/../../../arm-none-eabi/lib/armv7-m/libc.a(lib_a-memchr.o)
                              /usr/lib/gcc/arm-none-eabi/4.9.3/../../../arm-none-eabi/lib/armv7-m/libc.a(lib_a-vfprintf.o) (memchr)
/usr/lib/gcc/arm-none-eabi/4.9.3/../../../arm-none-eabi/lib/armv7-m/libc.a(lib_a-memcpy.o)
[...]
Memory Configuration

Name             Origin             Length             Attributes
FLASH            0x0000000000000000 0x0000000000080000 xr
RAM              0x00000000100000c8 0x0000000000007f38 xrw
USB_RAM          0x000000002007c000 0x0000000000004000 xrw
ETH_RAM          0x0000000020080000 0x0000000000004000 xrw
*default*        0x0000000000000000 0xffffffffffffffff

Linker script and memory map

LOAD /usr/lib/gcc/arm-none-eabi/4.9.3/armv7-m/crti.o
LOAD /usr/lib/gcc/arm-none-eabi/4.9.3/armv7-m/crtbegin.o
LOAD /usr/lib/gcc/arm-none-eabi/4.9.3/../../../arm-none-eabi/lib/armv7-m/crt0.o
LOAD build/system_LPC17xx.o
LOAD build/startup_LPC17xx.o
LOAD build/testador.o
LOAD build/uart.o
LOAD /usr/lib/gcc/arm-none-eabi/4.9.3/../../../arm-none-eabi/lib/armv7-m/libc.a
LOAD /usr/lib/gcc/arm-none-eabi/4.9.3/armv7-m/libgcc.a
LOAD /usr/lib/gcc/arm-none-eabi/4.9.3/../../../arm-none-eabi/lib/armv7-m/libnosys.a
LOAD /usr/lib/gcc/arm-none-eabi/4.9.3/../../../arm-none-eabi/lib/armv7-m/libc.a
LOAD /usr/lib/gcc/arm-none-eabi/4.9.3/armv7-m/libgcc.a
LOAD /usr/lib/gcc/arm-none-eabi/4.9.3/../../../arm-none-eabi/lib/armv7-m/libnosys.a
START GROUP
LOAD /usr/lib/gcc/arm-none-eabi/4.9.3/armv7-m/libgcc.a
LOAD /usr/lib/gcc/arm-none-eabi/4.9.3/../../../arm-none-eabi/lib/armv7-m/libc.a
END GROUP
LOAD /usr/lib/gcc/arm-none-eabi/4.9.3/armv7-m/crtend.o
LOAD /usr/lib/gcc/arm-none-eabi/4.9.3/armv7-m/crtn.o

.text           0x0000000000000000     0x5f3c
 *(.isr_vector)
 .isr_vector    0x0000000000000000       0xc4 build/startup_LPC17xx.o
                0x0000000000000000                g_pfnVectors
 *(.text*)
 .text          0x00000000000000c4       0xa4 /usr/lib/gcc/arm-none-eabi/4.9.3/armv7-m/crtbegin.o
 .text.SystemInit
                0x0000000000000168      0x140 build/system_LPC17xx.o
                0x0000000000000168                SystemInit
 .text.Reset_Handler
                0x00000000000002a8       0x6c build/startup_LPC17xx.o
                0x00000000000002a8                Reset_Handler
 .text.Default_Handler
                0x0000000000000314        0x8 build/startup_LPC17xx.o
                0x0000000000000314                TIMER2_IRQHandler
                0x0000000000000314                DebugMon_Handler
                0x0000000000000314                RIT_IRQHandler
                0x0000000000000314                I2C0_IRQHandler
                0x0000000000000314                SysTick_Handler
                0x0000000000000314                PWM1_IRQHandler
                0x0000000000000314                PendSV_Handler
                0x0000000000000314                I2C1_IRQHandler
                0x0000000000000314                EINT2_IRQHandler
                0x0000000000000314                UART1_IRQHandler
                0x0000000000000314                EINT3_IRQHandler
                0x0000000000000314                TIMER3_IRQHandler
                0x0000000000000314                UART0_IRQHandler
                0x0000000000000314                UsageFault_Handler
                0x0000000000000314                PLL0_IRQHandler
                0x0000000000000314                CAN_IRQHandler
                0x0000000000000314                PLL1_IRQHandler
                0x0000000000000314                SSP0_IRQHandler
                0x0000000000000314                I2S_IRQHandler
                0x0000000000000314                I2C2_IRQHandler
                0x0000000000000314                RTC_IRQHandler
                0x0000000000000314                TIMER0_IRQHandler
                0x0000000000000314                SPI_IRQHandler
                0x0000000000000314                EINT1_IRQHandler
                0x0000000000000314                TIMER1_IRQHandler
                0x0000000000000314                UART2_IRQHandler
                0x0000000000000314                Default_Handler
                0x0000000000000314                ADC_IRQHandler
                0x0000000000000314                SSP1_IRQHandler
                0x0000000000000314                USB_IRQHandler
                0x0000000000000314                BOD_IRQHandler
                0x0000000000000314                MemManage_Handler
                0x0000000000000314                WDT_IRQHandler
                0x0000000000000314                SVC_Handler
                0x0000000000000314                QEI_IRQHandler
                0x0000000000000314                EINT0_IRQHandler
                0x0000000000000314                DMA_IRQHandler
                0x0000000000000314                BusFault_Handler
                0x0000000000000314                UART3_IRQHandler
                0x0000000000000314                MCPWM_IRQHandler
                0x0000000000000314                ENET_IRQHandler
 .text.main     0x000000000000031c       0x38 build/testador.o
                0x000000000000031c                main
 .text._write   0x0000000000000354       0x3c build/uart.o
                0x0000000000000354                _write
 .text._read    0x0000000000000390       0x54 build/uart.o
                0x0000000000000390                _read
 .text._Z10UART0_Initi
                0x00000000000003e4       0xa8 build/uart.o
                0x00000000000003e4                UART0_Init(int)
 .text._Z14UART0_Sendcharc
                0x000000000000048c       0x38 build/uart.o
                0x000000000000048c                UART0_Sendchar(char)
 .text._Z13UART0_Getcharv
                0x00000000000004c4       0x38 build/uart.o
                0x00000000000004c4                UART0_Getchar()
 .text.atexit   0x00000000000004fc        0xc /usr/lib/gcc/arm-none-eabi/4.9.3/../../../arm-none-eabi/lib/armv7-m/libc.a(lib_a-atexit.o)
                0x00000000000004fc                atexit
 .text.__libc_fini_array
                0x0000000000000508       0x2c /usr/lib/gcc/arm-none-eabi/4.9.3/../../../arm-none-eabi/lib/armv7-m/libc.a(lib_a-fini.o)
                0x0000000000000508                __libc_fini_array
 .text._gets_r  0x0000000000000534       0x50 /usr/lib/gcc/arm-none-eabi/4.9.3/../../../arm-none-eabi/lib/armv7-m/libc.a(lib_a-gets.o)
                0x0000000000000534                _gets_r
 .text.gets     0x0000000000000584       0x10 /usr/lib/gcc/arm-none-eabi/4.9.3/../../../arm-none-eabi/lib/armv7-m/libc.a(lib_a-gets.o)
                0x0000000000000584                gets
 .text.memset   0x0000000000000594       0x9c /usr/lib/gcc/arm-none-eabi/4.9.3/../../../arm-none-eabi/lib/armv7-m/libc.a(lib_a-memset.o)
                0x0000000000000594                memset
 .text.printf   0x0000000000000630       0x28 /usr/lib/gcc/arm-none-eabi/4.9.3/../../../arm-none-eabi/lib/armv7-m/libc.a(lib_a-printf.o)
                0x0000000000000630                printf
 .text.__srget_r
                0x0000000000000658       0x34 /usr/lib/gcc/arm-none-eabi/4.9.3/../../../arm-none-eabi/lib/armv7-m/libc.a(lib_a-rget.o)
                0x0000000000000658                __srget_r
 .text._vfprintf_r
                0x000000000000068c     0x1448 /usr/lib/gcc/arm-none-eabi/4.9.3/../../../arm-none-eabi/lib/armv7-m/libc.a(lib_a-vfprintf.o)
                0x000000000000068c                _vfprintf_r
 .text.__sbprintf
                0x0000000000001ad4       0x7c /usr/lib/gcc/arm-none-eabi/4.9.3/../../../arm-none-eabi/lib/armv7-m/libc.a(lib_a-vfprintf.o)
 .text.__swsetup_r
                0x0000000000001b50       0xc4 /usr/lib/gcc/arm-none-eabi/4.9.3/../../../arm-none-eabi/lib/armv7-m/libc.a(lib_a-wsetup.o)
                0x0000000000001b50                __swsetup_r
 .text.__register_exitproc
                0x0000000000001c14       0xa4 /usr/lib/gcc/arm-none-eabi/4.9.3/../../../arm-none-eabi/lib/armv7-m/libc.a(lib_a-__atexit.o)
                0x0000000000001c14                __register_exitproc
 .text.startup.register_fini
                0x0000000000001cb8       0x14 /usr/lib/gcc/arm-none-eabi/4.9.3/../../../arm-none-eabi/lib/armv7-m/libc.a(lib_a-__call_atexit.o)
 .text.quorem   0x0000000000001ccc      0x130 /usr/lib/gcc/arm-none-eabi/4.9.3/../../../arm-none-eabi/lib/armv7-m/libc.a(lib_a-dtoa.o)
 *fill*         0x0000000000001dfc        0x4 
 .text._dtoa_r  0x0000000000001e00      0xea8 /usr/lib/gcc/arm-none-eabi/4.9.3/../../../arm-none-eabi/lib/armv7-m/libc.a(lib_a-dtoa.o)
                0x0000000000001e00                _dtoa_r
 .text.__sflush_r
                0x0000000000002ca8      0x148 /usr/lib/gcc/arm-none-eabi/4.9.3/../../../arm-none-eabi/lib/armv7-m/libc.a(lib_a-fflush.o)
                0x0000000000002ca8                __sflush_r
 .text._fflush_r
                0x0000000000002df0       0x2c /usr/lib/gcc/arm-none-eabi/4.9.3/../../../arm-none-eabi/lib/armv7-m/libc.a(lib_a-fflush.o)
                0x0000000000002df0                _fflush_r
 .text.fflush   0x0000000000002e1c       0x24 /usr/lib/gcc/arm-none-eabi/4.9.3/../../../arm-none-eabi/lib/armv7-m/libc.a(lib_a-fflush.o)
                0x0000000000002e1c                fflush
 .text._cleanup_r
                0x0000000000002e40        0xc /usr/lib/gcc/arm-none-eabi/4.9.3/../../../arm-none-eabi/lib/armv7-m/libc.a(lib_a-findfp.o)
                0x0000000000002e40                _cleanup_r
 .text.__sinit.part.1
                0x0000000000002e4c       0xf0 /usr/lib/gcc/arm-none-eabi/4.9.3/../../../arm-none-eabi/lib/armv7-m/libc.a(lib_a-findfp.o)
 .text.__sinit  0x0000000000002f3c        0xc /usr/lib/gcc/arm-none-eabi/4.9.3/../../../arm-none-eabi/lib/armv7-m/libc.a(lib_a-findfp.o)
                0x0000000000002f3c                __sinit
 .text.__sfp_lock_acquire
                0x0000000000002f48        0x4 /usr/lib/gcc/arm-none-eabi/4.9.3/../../../arm-none-eabi/lib/armv7-m/libc.a(lib_a-findfp.o)
                0x0000000000002f48                __sfp_lock_acquire
 .text.__sfp_lock_release
                0x0000000000002f4c        0x4 /usr/lib/gcc/arm-none-eabi/4.9.3/../../../arm-none-eabi/lib/armv7-m/libc.a(lib_a-findfp.o)
                0x0000000000002f4c                __sfp_lock_release
 .text._malloc_trim_r
                0x0000000000002f50       0x9c /usr/lib/gcc/arm-none-eabi/4.9.3/../../../arm-none-eabi/lib/armv7-m/libc.a(lib_a-freer.o)
                0x0000000000002f50                _malloc_trim_r
 .text._free_r  0x0000000000002fec      0x1b0 /usr/lib/gcc/arm-none-eabi/4.9.3/../../../arm-none-eabi/lib/armv7-m/libc.a(lib_a-freer.o)
                0x0000000000002fec                _free_r
 .text._fwalk   0x000000000000319c       0x48 /usr/lib/gcc/arm-none-eabi/4.9.3/../../../arm-none-eabi/lib/armv7-m/libc.a(lib_a-fwalk.o)
                0x000000000000319c                _fwalk
 .text._fwalk_reent
                0x00000000000031e4       0x50 /usr/lib/gcc/arm-none-eabi/4.9.3/../../../arm-none-eabi/lib/armv7-m/libc.a(lib_a-fwalk.o)
                0x00000000000031e4                _fwalk_reent
 .text.__locale_charset
                0x0000000000003234        0x8 /usr/lib/gcc/arm-none-eabi/4.9.3/../../../arm-none-eabi/lib/armv7-m/libc.a(lib_a-locale.o)
                0x0000000000003234                __locale_charset
 .text.__locale_mb_cur_max
                0x000000000000323c        0xc /usr/lib/gcc/arm-none-eabi/4.9.3/../../../arm-none-eabi/lib/armv7-m/libc.a(lib_a-locale.o)
                0x000000000000323c                __locale_mb_cur_max
 .text._localeconv_r
                0x0000000000003248        0x8 /usr/lib/gcc/arm-none-eabi/4.9.3/../../../arm-none-eabi/lib/armv7-m/libc.a(lib_a-locale.o)
                0x0000000000003248                _localeconv_r
 .text.__smakebuf_r
                0x0000000000003250       0xe0 /usr/lib/gcc/arm-none-eabi/4.9.3/../../../arm-none-eabi/lib/armv7-m/libc.a(lib_a-makebuf.o)
                0x0000000000003250                __smakebuf_r
 .text._malloc_r
                0x0000000000003330      0x50c /usr/lib/gcc/arm-none-eabi/4.9.3/../../../arm-none-eabi/lib/armv7-m/libc.a(lib_a-mallocr.o)
                0x0000000000003330                _malloc_r
 .text.memchr   0x000000000000383c       0x94 /usr/lib/gcc/arm-none-eabi/4.9.3/../../../arm-none-eabi/lib/armv7-m/libc.a(lib_a-memchr.o)
                0x000000000000383c                memchr
 .text          0x00000000000038d0       0xec /usr/lib/gcc/arm-none-eabi/4.9.3/../../../arm-none-eabi/lib/armv7-m/libc.a(lib_a-memcpy.o)
                0x00000000000038d0                memcpy
 .text.__malloc_lock
                0x00000000000039bc        0x4 /usr/lib/gcc/arm-none-eabi/4.9.3/../../../arm-none-eabi/lib/armv7-m/libc.a(lib_a-mlock.o)
                0x00000000000039bc                __malloc_lock
 .text.__malloc_unlock
                0x00000000000039c0        0x4 /usr/lib/gcc/arm-none-eabi/4.9.3/../../../arm-none-eabi/lib/armv7-m/libc.a(lib_a-mlock.o)
                0x00000000000039c0                __malloc_unlock
 .text._Balloc  0x00000000000039c4       0x50 /usr/lib/gcc/arm-none-eabi/4.9.3/../../../arm-none-eabi/lib/armv7-m/libc.a(lib_a-mprec.o)
                0x00000000000039c4                _Balloc
 .text._Bfree   0x0000000000003a14       0x14 /usr/lib/gcc/arm-none-eabi/4.9.3/../../../arm-none-eabi/lib/armv7-m/libc.a(lib_a-mprec.o)
                0x0000000000003a14                _Bfree
 .text.__multadd
                0x0000000000003a28       0x84 /usr/lib/gcc/arm-none-eabi/4.9.3/../../../arm-none-eabi/lib/armv7-m/libc.a(lib_a-mprec.o)
                0x0000000000003a28                __multadd
 .text.__hi0bits
                0x0000000000003aac       0x40 /usr/lib/gcc/arm-none-eabi/4.9.3/../../../arm-none-eabi/lib/armv7-m/libc.a(lib_a-mprec.o)
                0x0000000000003aac                __hi0bits
 .text.__lo0bits
                0x0000000000003aec       0x5c /usr/lib/gcc/arm-none-eabi/4.9.3/../../../arm-none-eabi/lib/armv7-m/libc.a(lib_a-mprec.o)
                0x0000000000003aec                __lo0bits
 .text.__i2b    0x0000000000003b48       0x14 /usr/lib/gcc/arm-none-eabi/4.9.3/../../../arm-none-eabi/lib/armv7-m/libc.a(lib_a-mprec.o)
                0x0000000000003b48                __i2b
 .text.__multiply
                0x0000000000003b5c      0x140 /usr/lib/gcc/arm-none-eabi/4.9.3/../../../arm-none-eabi/lib/armv7-m/libc.a(lib_a-mprec.o)
                0x0000000000003b5c                __multiply
 .text.__pow5mult
                0x0000000000003c9c       0xa0 /usr/lib/gcc/arm-none-eabi/4.9.3/../../../arm-none-eabi/lib/armv7-m/libc.a(lib_a-mprec.o)
                0x0000000000003c9c                __pow5mult
 .text.__lshift
                0x0000000000003d3c       0xb0 /usr/lib/gcc/arm-none-eabi/4.9.3/../../../arm-none-eabi/lib/armv7-m/libc.a(lib_a-mprec.o)
                0x0000000000003d3c                __lshift
 .text.__mcmp   0x0000000000003dec       0x48 /usr/lib/gcc/arm-none-eabi/4.9.3/../../../arm-none-eabi/lib/armv7-m/libc.a(lib_a-mprec.o)
                0x0000000000003dec                __mcmp
 .text.__mdiff  0x0000000000003e34       0xe4 /usr/lib/gcc/arm-none-eabi/4.9.3/../../../arm-none-eabi/lib/armv7-m/libc.a(lib_a-mprec.o)
                0x0000000000003e34                __mdiff
 .text.__d2b    0x0000000000003f18       0xa8 /usr/lib/gcc/arm-none-eabi/4.9.3/../../../arm-none-eabi/lib/armv7-m/libc.a(lib_a-mprec.o)
                0x0000000000003f18                __d2b
 .text.lflush   0x0000000000003fc0       0x14 /usr/lib/gcc/arm-none-eabi/4.9.3/../../../arm-none-eabi/lib/armv7-m/libc.a(lib_a-refill.o)
 .text.__srefill_r
                0x0000000000003fd4      0x110 /usr/lib/gcc/arm-none-eabi/4.9.3/../../../arm-none-eabi/lib/armv7-m/libc.a(lib_a-refill.o)
                0x0000000000003fd4                __srefill_r
 .text.__fpclassifyd
                0x00000000000040e4       0x58 /usr/lib/gcc/arm-none-eabi/4.9.3/../../../arm-none-eabi/lib/armv7-m/libc.a(lib_a-s_fpclassify.o)
                0x00000000000040e4                __fpclassifyd
 .text._sbrk_r  0x000000000000413c       0x24 /usr/lib/gcc/arm-none-eabi/4.9.3/../../../arm-none-eabi/lib/armv7-m/libc.a(lib_a-sbrkr.o)
                0x000000000000413c                _sbrk_r
 .text.__sread  0x0000000000004160       0x24 /usr/lib/gcc/arm-none-eabi/4.9.3/../../../arm-none-eabi/lib/armv7-m/libc.a(lib_a-stdio.o)
                0x0000000000004160                __sread
 .text.__swrite
                0x0000000000004184       0x38 /usr/lib/gcc/arm-none-eabi/4.9.3/../../../arm-none-eabi/lib/armv7-m/libc.a(lib_a-stdio.o)
                0x0000000000004184                __swrite
 .text.__sseek  0x00000000000041bc       0x20 /usr/lib/gcc/arm-none-eabi/4.9.3/../../../arm-none-eabi/lib/armv7-m/libc.a(lib_a-stdio.o)
                0x00000000000041bc                __sseek
 .text.__sclose
                0x00000000000041dc        0x8 /usr/lib/gcc/arm-none-eabi/4.9.3/../../../arm-none-eabi/lib/armv7-m/libc.a(lib_a-stdio.o)
                0x00000000000041dc                __sclose
 .text.strlen   0x00000000000041e4       0x5c /usr/lib/gcc/arm-none-eabi/4.9.3/../../../arm-none-eabi/lib/armv7-m/libc.a(lib_a-strlen.o)
                0x00000000000041e4                strlen
 .text.__sprint_r.part.0
                0x0000000000004240       0x78 /usr/lib/gcc/arm-none-eabi/4.9.3/../../../arm-none-eabi/lib/armv7-m/libc.a(lib_a-vfiprintf.o)
 .text.__sprint_r
                0x00000000000042b8       0x18 /usr/lib/gcc/arm-none-eabi/4.9.3/../../../arm-none-eabi/lib/armv7-m/libc.a(lib_a-vfiprintf.o)
                0x00000000000042b8                __sprint_r
 .text._write_r
                0x00000000000042d0       0x28 /usr/lib/gcc/arm-none-eabi/4.9.3/../../../arm-none-eabi/lib/armv7-m/libc.a(lib_a-writer.o)
                0x00000000000042d0                _write_r
 .text._calloc_r
                0x00000000000042f8       0x60 /usr/lib/gcc/arm-none-eabi/4.9.3/../../../arm-none-eabi/lib/armv7-m/libc.a(lib_a-callocr.o)
                0x00000000000042f8                _calloc_r
 .text._close_r
                0x0000000000004358       0x24 /usr/lib/gcc/arm-none-eabi/4.9.3/../../../arm-none-eabi/lib/armv7-m/libc.a(lib_a-closer.o)
                0x0000000000004358                _close_r
 .text._fclose_r
                0x000000000000437c       0x84 /usr/lib/gcc/arm-none-eabi/4.9.3/../../../arm-none-eabi/lib/armv7-m/libc.a(lib_a-fclose.o)
                0x000000000000437c                _fclose_r
 .text.__fputwc
                0x0000000000004400       0xb0 /usr/lib/gcc/arm-none-eabi/4.9.3/../../../arm-none-eabi/lib/armv7-m/libc.a(lib_a-fputwc.o)
                0x0000000000004400                __fputwc
 .text._fputwc_r
                0x00000000000044b0       0x24 /usr/lib/gcc/arm-none-eabi/4.9.3/../../../arm-none-eabi/lib/armv7-m/libc.a(lib_a-fputwc.o)
                0x00000000000044b0                _fputwc_r
 .text._fstat_r
                0x00000000000044d4       0x28 /usr/lib/gcc/arm-none-eabi/4.9.3/../../../arm-none-eabi/lib/armv7-m/libc.a(lib_a-fstatr.o)
                0x00000000000044d4                _fstat_r
 .text.__sfvwrite_r
                0x00000000000044fc      0x320 /usr/lib/gcc/arm-none-eabi/4.9.3/../../../arm-none-eabi/lib/armv7-m/libc.a(lib_a-fvwrite.o)
                0x00000000000044fc                __sfvwrite_r
 .text._isatty_r
                0x000000000000481c       0x24 /usr/lib/gcc/arm-none-eabi/4.9.3/../../../arm-none-eabi/lib/armv7-m/libc.a(lib_a-isattyr.o)
                0x000000000000481c                _isatty_r
 .text._lseek_r
                0x0000000000004840       0x28 /usr/lib/gcc/arm-none-eabi/4.9.3/../../../arm-none-eabi/lib/armv7-m/libc.a(lib_a-lseekr.o)
                0x0000000000004840                _lseek_r
 .text.memmove  0x0000000000004868       0xc8 /usr/lib/gcc/arm-none-eabi/4.9.3/../../../arm-none-eabi/lib/armv7-m/libc.a(lib_a-memmove.o)
                0x0000000000004868                memmove
 .text._read_r  0x0000000000004930       0x28 /usr/lib/gcc/arm-none-eabi/4.9.3/../../../arm-none-eabi/lib/armv7-m/libc.a(lib_a-readr.o)
                0x0000000000004930                _read_r
 .text._realloc_r
                0x0000000000004958      0x3e0 /usr/lib/gcc/arm-none-eabi/4.9.3/../../../arm-none-eabi/lib/armv7-m/libc.a(lib_a-reallocr.o)
                0x0000000000004958                _realloc_r
 .text.__swbuf_r
                0x0000000000004d38       0xa8 /usr/lib/gcc/arm-none-eabi/4.9.3/../../../arm-none-eabi/lib/armv7-m/libc.a(lib_a-wbuf.o)
                0x0000000000004d38                __swbuf_r
 .text._wcrtomb_r
                0x0000000000004de0       0x54 /usr/lib/gcc/arm-none-eabi/4.9.3/../../../arm-none-eabi/lib/armv7-m/libc.a(lib_a-wcrtomb.o)
                0x0000000000004de0                _wcrtomb_r
 .text.__ascii_wctomb
                0x0000000000004e34       0x1c /usr/lib/gcc/arm-none-eabi/4.9.3/../../../arm-none-eabi/lib/armv7-m/libc.a(lib_a-wctomb_r.o)
                0x0000000000004e34                __ascii_wctomb
 .text          0x0000000000004e50      0x370 /usr/lib/gcc/arm-none-eabi/4.9.3/armv7-m/libgcc.a(_arm_addsubdf3.o)
                0x0000000000004e50                __aeabi_drsub
                0x0000000000004e58                __aeabi_dsub
                0x0000000000004e58                __subdf3
                0x0000000000004e5c                __adddf3
                0x0000000000004e5c                __aeabi_dadd
                0x00000000000050d4                __aeabi_ui2d
                0x00000000000050d4                __floatunsidf
                0x00000000000050f4                __floatsidf
                0x00000000000050f4                __aeabi_i2d
                0x0000000000005118                __extendsfdf2
                0x0000000000005118                __aeabi_f2d
                0x0000000000005154                __aeabi_ul2d
                0x0000000000005154                __floatundidf
                0x0000000000005164                __floatdidf
                0x0000000000005164                __aeabi_l2d
 .text          0x00000000000051c0      0x424 /usr/lib/gcc/arm-none-eabi/4.9.3/armv7-m/libgcc.a(_arm_muldivdf3.o)
                0x00000000000051c0                __aeabi_dmul
                0x00000000000051c0                __muldf3
                0x0000000000005414                __aeabi_ddiv
                0x0000000000005414                __divdf3
 .text          0x00000000000055e4      0x110 /usr/lib/gcc/arm-none-eabi/4.9.3/armv7-m/libgcc.a(_arm_cmpdf2.o)
                0x00000000000055e4                __gtdf2
                0x00000000000055e4                __gedf2
                0x00000000000055ec                __ltdf2
                0x00000000000055ec                __ledf2
                0x00000000000055f4                __cmpdf2
                0x00000000000055f4                __eqdf2
                0x00000000000055f4                __nedf2
                0x0000000000005670                __aeabi_cdrcmple
                0x0000000000005680                __aeabi_cdcmple
                0x0000000000005680                __aeabi_cdcmpeq
                0x0000000000005690                __aeabi_dcmpeq
                0x00000000000056a4                __aeabi_dcmplt
                0x00000000000056b8                __aeabi_dcmple
                0x00000000000056cc                __aeabi_dcmpge
                0x00000000000056e0                __aeabi_dcmpgt
 .text          0x00000000000056f4       0x50 /usr/lib/gcc/arm-none-eabi/4.9.3/armv7-m/libgcc.a(_arm_fixdfsi.o)
                0x00000000000056f4                __fixdfsi
                0x00000000000056f4                __aeabi_d2iz
 .text          0x0000000000005744       0x30 /usr/lib/gcc/arm-none-eabi/4.9.3/armv7-m/libgcc.a(_aeabi_uldivmod.o)
                0x0000000000005744                __aeabi_uldivmod
 .text          0x0000000000005774       0x60 /usr/lib/gcc/arm-none-eabi/4.9.3/armv7-m/libgcc.a(bpabi.o)
                0x0000000000005774                __gnu_ldivmod_helper
                0x00000000000057a4                __gnu_uldivmod_helper
 .text          0x00000000000057d4        0x4 /usr/lib/gcc/arm-none-eabi/4.9.3/armv7-m/libgcc.a(_dvmd_tls.o)
                0x00000000000057d4                __aeabi_ldiv0
                0x00000000000057d4                __aeabi_idiv0
 .text          0x00000000000057d8      0x2ac /usr/lib/gcc/arm-none-eabi/4.9.3/armv7-m/libgcc.a(_divdi3.o)
                0x00000000000057d8                __divdi3
 .text          0x0000000000005a84      0x270 /usr/lib/gcc/arm-none-eabi/4.9.3/armv7-m/libgcc.a(_udivdi3.o)
                0x0000000000005a84                __udivdi3
 .text._close   0x0000000000005cf4       0x10 /usr/lib/gcc/arm-none-eabi/4.9.3/../../../arm-none-eabi/lib/armv7-m/libnosys.a(close.o)
                0x0000000000005cf4                _close
 .text._fstat   0x0000000000005d04       0x10 /usr/lib/gcc/arm-none-eabi/4.9.3/../../../arm-none-eabi/lib/armv7-m/libnosys.a(fstat.o)
                0x0000000000005d04                _fstat
 .text._isatty  0x0000000000005d14       0x10 /usr/lib/gcc/arm-none-eabi/4.9.3/../../../arm-none-eabi/lib/armv7-m/libnosys.a(isatty.o)
                0x0000000000005d14                _isatty
 .text._lseek   0x0000000000005d24       0x10 /usr/lib/gcc/arm-none-eabi/4.9.3/../../../arm-none-eabi/lib/armv7-m/libnosys.a(lseek.o)
                0x0000000000005d24                _lseek
 .text._sbrk    0x0000000000005d34       0x1c /usr/lib/gcc/arm-none-eabi/4.9.3/../../../arm-none-eabi/lib/armv7-m/libnosys.a(sbrk.o)
                0x0000000000005d34                _sbrk
 *(.init)
 .init          0x0000000000005d50        0x4 /usr/lib/gcc/arm-none-eabi/4.9.3/armv7-m/crti.o
                0x0000000000005d50                _init
 .init          0x0000000000005d54        0x8 /usr/lib/gcc/arm-none-eabi/4.9.3/armv7-m/crtn.o
 *(.fini)
 .fini          0x0000000000005d5c        0x4 /usr/lib/gcc/arm-none-eabi/4.9.3/armv7-m/crti.o
                0x0000000000005d5c                _fini
 .fini          0x0000000000005d60        0x8 /usr/lib/gcc/arm-none-eabi/4.9.3/armv7-m/crtn.o
 *crtbegin.o(.ctors)
 *crtbegin?.o(.ctors)
 *(EXCLUDE_FILE(*crtend.o *crtend?.o) .ctors)
 *(SORT(.ctors.*))
 *(.ctors)
 *crtbegin.o(.dtors)
 *crtbegin?.o(.dtors)
 *(EXCLUDE_FILE(*crtend.o *crtend?.o) .dtors)
 *(SORT(.dtors.*))
 *(.dtors)
 *(.rodata*)
 .rodata        0x0000000000005d68        0x9 build/testador.o
 *fill*         0x0000000000005d71        0x3 
 .rodata.str1.4
                0x0000000000005d74        0x2 /usr/lib/gcc/arm-none-eabi/4.9.3/../../../arm-none-eabi/lib/armv7-m/libc.a(lib_a-impure.o)
                                          0x4 (size before relaxing)
 *fill*         0x0000000000005d76        0x2 
 .rodata._global_impure_ptr
                0x0000000000005d78        0x4 /usr/lib/gcc/arm-none-eabi/4.9.3/../../../arm-none-eabi/lib/armv7-m/libc.a(lib_a-impure.o)
                0x0000000000005d78                _global_impure_ptr
 .rodata.zeroes.6926
                0x0000000000005d7c       0x10 /usr/lib/gcc/arm-none-eabi/4.9.3/../../../arm-none-eabi/lib/armv7-m/libc.a(lib_a-vfprintf.o)
 .rodata.str1.4
                0x0000000000005d8c       0x42 /usr/lib/gcc/arm-none-eabi/4.9.3/../../../arm-none-eabi/lib/armv7-m/libc.a(lib_a-vfprintf.o)
                                         0x44 (size before relaxing)
 *fill*         0x0000000000005dce        0x2 
 .rodata.blanks.6925
                0x0000000000005dd0       0x10 /usr/lib/gcc/arm-none-eabi/4.9.3/../../../arm-none-eabi/lib/armv7-m/libc.a(lib_a-vfprintf.o)
 .rodata.str1.4
                0x0000000000005de0       0x10 /usr/lib/gcc/arm-none-eabi/4.9.3/../../../arm-none-eabi/lib/armv7-m/libc.a(lib_a-dtoa.o)
                                         0x14 (size before relaxing)
 .rodata.str1.4
                0x0000000000005df0        0xc /usr/lib/gcc/arm-none-eabi/4.9.3/../../../arm-none-eabi/lib/armv7-m/libc.a(lib_a-locale.o)
                                         0x14 (size before relaxing)
 *fill*         0x0000000000005dfc        0x4 
 .rodata.__mprec_tens
                0x0000000000005e00       0xc8 /usr/lib/gcc/arm-none-eabi/4.9.3/../../../arm-none-eabi/lib/armv7-m/libc.a(lib_a-mprec.o)
                0x0000000000005e00                __mprec_tens
 .rodata.p05.5302
                0x0000000000005ec8        0xc /usr/lib/gcc/arm-none-eabi/4.9.3/../../../arm-none-eabi/lib/armv7-m/libc.a(lib_a-mprec.o)
 *fill*         0x0000000000005ed4        0x4 
 .rodata.__mprec_bigtens
                0x0000000000005ed8       0x28 /usr/lib/gcc/arm-none-eabi/4.9.3/../../../arm-none-eabi/lib/armv7-m/libc.a(lib_a-mprec.o)
                0x0000000000005ed8                __mprec_bigtens
 *(.eh_frame*)
 .eh_frame      0x0000000000005f00        0x0 /usr/lib/gcc/arm-none-eabi/4.9.3/armv7-m/crtbegin.o
 .eh_frame      0x0000000000005f00       0x38 /usr/lib/gcc/arm-none-eabi/4.9.3/../../../arm-none-eabi/lib/armv7-m/libc.a(lib_a-strcmp.o)
 .eh_frame      0x0000000000005f38        0x4 /usr/lib/gcc/arm-none-eabi/4.9.3/armv7-m/crtend.o

.glue_7         0x0000000000005f3c        0x0
 .glue_7        0x0000000000005f3c        0x0 linker stubs

.glue_7t        0x0000000000005f3c        0x0
 .glue_7t       0x0000000000005f3c        0x0 linker stubs

.vfp11_veneer   0x0000000000005f3c        0x0
 .vfp11_veneer  0x0000000000005f3c        0x0 linker stubs

.v4_bx          0x0000000000005f3c        0x0
 .v4_bx         0x0000000000005f3c        0x0 linker stubs

.iplt           0x0000000000005f3c        0x0
 .iplt          0x0000000000005f3c        0x0 /usr/lib/gcc/arm-none-eabi/4.9.3/armv7-m/crtbegin.o

.ARM.extab
 *(.ARM.extab* .gnu.linkonce.armextab.*)
                0x0000000000005f3c                __exidx_start = .

.ARM.exidx      0x0000000000005f3c        0x8
 *(.ARM.exidx* .gnu.linkonce.armexidx.*)
 .ARM.exidx     0x0000000000005f3c        0x8 /usr/lib/gcc/arm-none-eabi/4.9.3/armv7-m/libgcc.a(_divdi3.o)
 .ARM.exidx     0x0000000000005f44        0x0 /usr/lib/gcc/arm-none-eabi/4.9.3/armv7-m/libgcc.a(_udivdi3.o)
                                          0x8 (size before relaxing)
                0x0000000000005f44                __exidx_end = .
                0x0000000000005f44                __etext = .
                0x0000000000005f44                __sidata = __etext

.rel.dyn        0x0000000000005f44        0x0
 .rel.iplt      0x0000000000005f44        0x0 /usr/lib/gcc/arm-none-eabi/4.9.3/armv7-m/crtbegin.o

.data           0x00000000100000c8      0x8b0 load address 0x0000000000005f44
                0x00000000100000c8                __data_start__ = .
 *(vtable)
 *(.data*)
 .data.SystemCoreClock
                0x00000000100000c8        0x4 build/system_LPC17xx.o
                0x00000000100000c8                SystemCoreClock
 *fill*         0x00000000100000cc        0x4 
 .data.impure_data
                0x00000000100000d0      0x428 /usr/lib/gcc/arm-none-eabi/4.9.3/../../../arm-none-eabi/lib/armv7-m/libc.a(lib_a-impure.o)
 .data._impure_ptr
                0x00000000100004f8        0x4 /usr/lib/gcc/arm-none-eabi/4.9.3/../../../arm-none-eabi/lib/armv7-m/libc.a(lib_a-impure.o)
                0x00000000100004f8                _impure_ptr
 .data.lconv    0x00000000100004fc       0x38 /usr/lib/gcc/arm-none-eabi/4.9.3/../../../arm-none-eabi/lib/armv7-m/libc.a(lib_a-locale.o)
 .data.lc_ctype_charset
                0x0000000010000534       0x20 /usr/lib/gcc/arm-none-eabi/4.9.3/../../../arm-none-eabi/lib/armv7-m/libc.a(lib_a-locale.o)
 .data.__mb_cur_max
                0x0000000010000554        0x4 /usr/lib/gcc/arm-none-eabi/4.9.3/../../../arm-none-eabi/lib/armv7-m/libc.a(lib_a-locale.o)
                0x0000000010000554                __mb_cur_max
 .data.__malloc_av_
                0x0000000010000558      0x408 /usr/lib/gcc/arm-none-eabi/4.9.3/../../../arm-none-eabi/lib/armv7-m/libc.a(lib_a-mallocr.o)
                0x0000000010000558                __malloc_av_
 .data.__malloc_trim_threshold
                0x0000000010000960        0x4 /usr/lib/gcc/arm-none-eabi/4.9.3/../../../arm-none-eabi/lib/armv7-m/libc.a(lib_a-mallocr.o)
                0x0000000010000960                __malloc_trim_threshold
 .data.__malloc_sbrk_base
                0x0000000010000964        0x4 /usr/lib/gcc/arm-none-eabi/4.9.3/../../../arm-none-eabi/lib/armv7-m/libc.a(lib_a-mallocr.o)
                0x0000000010000964                __malloc_sbrk_base
 .data.__wctomb
                0x0000000010000968        0x4 /usr/lib/gcc/arm-none-eabi/4.9.3/../../../arm-none-eabi/lib/armv7-m/libc.a(lib_a-wctomb_r.o)
                0x0000000010000968                __wctomb
                0x000000001000096c                . = ALIGN (0x4)
                0x000000001000096c                PROVIDE (__preinit_array_start, .)
 *(.preinit_array)
                0x000000001000096c                PROVIDE (__preinit_array_end, .)
                0x000000001000096c                . = ALIGN (0x4)
                0x000000001000096c                PROVIDE (__init_array_start, .)
 *(SORT(.init_array.*))
 .init_array.00000
                0x000000001000096c        0x4 /usr/lib/gcc/arm-none-eabi/4.9.3/../../../arm-none-eabi/lib/armv7-m/libc.a(lib_a-__call_atexit.o)
 *(.init_array)
 .init_array    0x0000000010000970        0x4 /usr/lib/gcc/arm-none-eabi/4.9.3/armv7-m/crtbegin.o
                0x0000000010000974                PROVIDE (__init_array_end, .)
                0x0000000010000974                . = ALIGN (0x4)
                0x0000000010000974                PROVIDE (__fini_array_start, .)
 *(SORT(.fini_array.*))
 *(.fini_array)
 .fini_array    0x0000000010000974        0x4 /usr/lib/gcc/arm-none-eabi/4.9.3/armv7-m/crtbegin.o
                0x0000000010000978                PROVIDE (__fini_array_end, .)
                0x0000000010000978                . = ALIGN (0x4)
                0x0000000010000978                __data_end__ = .

.jcr            0x0000000010000978        0x0 load address 0x00000000000067f4
 .jcr           0x0000000010000978        0x0 /usr/lib/gcc/arm-none-eabi/4.9.3/armv7-m/crtbegin.o

.tm_clone_table
                0x0000000010000978        0x0 load address 0x00000000000067f4
 .tm_clone_table
                0x0000000010000978        0x0 /usr/lib/gcc/arm-none-eabi/4.9.3/armv7-m/crtbegin.o
 .tm_clone_table
                0x0000000010000978        0x0 /usr/lib/gcc/arm-none-eabi/4.9.3/armv7-m/crtend.o

.igot.plt       0x0000000010000978        0x0 load address 0x00000000000067f4
 .igot.plt      0x0000000010000978        0x0 /usr/lib/gcc/arm-none-eabi/4.9.3/armv7-m/crtbegin.o

.stackarea      0x0000000010000978      0x800 load address 0x00000000000067f4
 .stackarea     0x0000000010000978      0x800 build/startup_LPC17xx.o
                0x0000000010000978                pulStack

.bss            0x0000000010001178       0x58 load address 0x0000000000006ff4
                0x0000000010001178                __bss_start__ = .
 *(.bss*)
 .bss           0x0000000010001178       0x1c /usr/lib/gcc/arm-none-eabi/4.9.3/armv7-m/crtbegin.o
 .bss.__malloc_max_total_mem
                0x0000000010001194        0x4 /usr/lib/gcc/arm-none-eabi/4.9.3/../../../arm-none-eabi/lib/armv7-m/libc.a(lib_a-mallocr.o)
                0x0000000010001194                __malloc_max_total_mem
 .bss.__malloc_max_sbrked_mem
                0x0000000010001198        0x4 /usr/lib/gcc/arm-none-eabi/4.9.3/../../../arm-none-eabi/lib/armv7-m/libc.a(lib_a-mallocr.o)
                0x0000000010001198                __malloc_max_sbrked_mem
 .bss.__malloc_top_pad
                0x000000001000119c        0x4 /usr/lib/gcc/arm-none-eabi/4.9.3/../../../arm-none-eabi/lib/armv7-m/libc.a(lib_a-mallocr.o)
                0x000000001000119c                __malloc_top_pad
 .bss.__malloc_current_mallinfo
                0x00000000100011a0       0x28 /usr/lib/gcc/arm-none-eabi/4.9.3/../../../arm-none-eabi/lib/armv7-m/libc.a(lib_a-mallocr.o)
                0x00000000100011a0                __malloc_current_mallinfo
 .bss.heap_end.4079
                0x00000000100011c8        0x4 /usr/lib/gcc/arm-none-eabi/4.9.3/../../../arm-none-eabi/lib/armv7-m/libnosys.a(sbrk.o)
 *(COMMON)
 COMMON         0x00000000100011cc        0x4 /usr/lib/gcc/arm-none-eabi/4.9.3/../../../arm-none-eabi/lib/armv7-m/libc.a(lib_a-reent.o)
                0x00000000100011cc                errno
                0x00000000100011d0                __bss_end__ = .

.heap           0x00000000100011d0        0x0
                0x00000000100011d0                __end__ = .
                0x00000000100011d0                end = __end__
 *(.heap*)
                0x00000000100011d0                __HeapLimit = .

.stack_dummy    0x00000000100011d0        0x0
 *(.stack)
                0x0000000010008000                __StackTop = (ORIGIN (RAM) + LENGTH (RAM))
                0x0000000010008000                __StackLimit = (__StackTop - SIZEOF (.stack_dummy))
                0x0000000010008000                PROVIDE (__stack, __StackTop)
                0x0000000000000001                ASSERT ((__StackLimit >= __HeapLimit), region RAM overflowed with stack)
OUTPUT(main.elf elf32-littlearm)

.ARM.attributes
                0x0000000000000000       0x29
 .ARM.attributes
                0x0000000000000000       0x1d /usr/lib/gcc/arm-none-eabi/4.9.3/armv7-m/crti.o
 .ARM.attributes
                0x000000000000001d       0x2d /usr/lib/gcc/arm-none-eabi/4.9.3/armv7-m/crtbegin.o
 .ARM.attributes
                0x000000000000004a       0x33 build/system_LPC17xx.o
 .ARM.attributes
                0x000000000000007d       0x33 build/startup_LPC17xx.o
 .ARM.attributes
                0x00000000000000b0       0x33 build/testador.o
 .ARM.attributes
                0x00000000000000e3       0x33 build/uart.o
 .ARM.attributes
                0x0000000000000116       0x2d /usr/lib/gcc/arm-none-eabi/4.9.3/../../../arm-none-eabi/lib/armv7-m/libc.a(lib_a-atexit.o)
 .ARM.attributes
                0x0000000000000143       0x2d /usr/lib/gcc/arm-none-eabi/4.9.3/../../../arm-none-eabi/lib/armv7-m/libc.a(lib_a-fini.o)
 .ARM.attributes
                0x0000000000000170       0x2d /usr/lib/gcc/arm-none-eabi/4.9.3/../../../arm-none-eabi/lib/armv7-m/libc.a(lib_a-gets.o)
 .ARM.attributes
                0x000000000000019d       0x2d /usr/lib/gcc/arm-none-eabi/4.9.3/../../../arm-none-eabi/lib/armv7-m/libc.a(lib_a-impure.o)
 .ARM.attributes
                0x00000000000001ca       0x2d /usr/lib/gcc/arm-none-eabi/4.9.3/../../../arm-none-eabi/lib/armv7-m/libc.a(lib_a-memset.o)
 .ARM.attributes
                0x00000000000001f7       0x2d /usr/lib/gcc/arm-none-eabi/4.9.3/../../../arm-none-eabi/lib/armv7-m/libc.a(lib_a-printf.o)
 .ARM.attributes
                0x0000000000000224       0x2d /usr/lib/gcc/arm-none-eabi/4.9.3/../../../arm-none-eabi/lib/armv7-m/libc.a(lib_a-rget.o)
 .ARM.attributes
                0x0000000000000251       0x2d /usr/lib/gcc/arm-none-eabi/4.9.3/../../../arm-none-eabi/lib/armv7-m/libc.a(lib_a-vfprintf.o)
 .ARM.attributes
                0x000000000000027e       0x2d /usr/lib/gcc/arm-none-eabi/4.9.3/../../../arm-none-eabi/lib/armv7-m/libc.a(lib_a-wsetup.o)
 .ARM.attributes
                0x00000000000002ab       0x2d /usr/lib/gcc/arm-none-eabi/4.9.3/../../../arm-none-eabi/lib/armv7-m/libc.a(lib_a-__atexit.o)
 .ARM.attributes
                0x00000000000002d8       0x2d /usr/lib/gcc/arm-none-eabi/4.9.3/../../../arm-none-eabi/lib/armv7-m/libc.a(lib_a-__call_atexit.o)
 .ARM.attributes
                0x0000000000000305       0x2d /usr/lib/gcc/arm-none-eabi/4.9.3/../../../arm-none-eabi/lib/armv7-m/libc.a(lib_a-dtoa.o)
 .ARM.attributes
                0x0000000000000332       0x2d /usr/lib/gcc/arm-none-eabi/4.9.3/../../../arm-none-eabi/lib/armv7-m/libc.a(lib_a-fflush.o)
 .ARM.attributes
                0x000000000000035f       0x2d /usr/lib/gcc/arm-none-eabi/4.9.3/../../../arm-none-eabi/lib/armv7-m/libc.a(lib_a-findfp.o)
 .ARM.attributes
                0x000000000000038c       0x2d /usr/lib/gcc/arm-none-eabi/4.9.3/../../../arm-none-eabi/lib/armv7-m/libc.a(lib_a-freer.o)
 .ARM.attributes
                0x00000000000003b9       0x2d /usr/lib/gcc/arm-none-eabi/4.9.3/../../../arm-none-eabi/lib/armv7-m/libc.a(lib_a-fwalk.o)
 .ARM.attributes
                0x00000000000003e6       0x2d /usr/lib/gcc/arm-none-eabi/4.9.3/../../../arm-none-eabi/lib/armv7-m/libc.a(lib_a-locale.o)
 .ARM.attributes
                0x0000000000000413       0x2d /usr/lib/gcc/arm-none-eabi/4.9.3/../../../arm-none-eabi/lib/armv7-m/libc.a(lib_a-makebuf.o)
 .ARM.attributes
                0x0000000000000440       0x2d /usr/lib/gcc/arm-none-eabi/4.9.3/../../../arm-none-eabi/lib/armv7-m/libc.a(lib_a-mallocr.o)
 .ARM.attributes
                0x000000000000046d       0x2d /usr/lib/gcc/arm-none-eabi/4.9.3/../../../arm-none-eabi/lib/armv7-m/libc.a(lib_a-memchr.o)
 .ARM.attributes
                0x000000000000049a       0x1b /usr/lib/gcc/arm-none-eabi/4.9.3/../../../arm-none-eabi/lib/armv7-m/libc.a(lib_a-memcpy.o)
 .ARM.attributes
                0x00000000000004b5       0x2d /usr/lib/gcc/arm-none-eabi/4.9.3/../../../arm-none-eabi/lib/armv7-m/libc.a(lib_a-mlock.o)
 .ARM.attributes
                0x00000000000004e2       0x2d /usr/lib/gcc/arm-none-eabi/4.9.3/../../../arm-none-eabi/lib/armv7-m/libc.a(lib_a-mprec.o)
 .ARM.attributes
                0x000000000000050f       0x2d /usr/lib/gcc/arm-none-eabi/4.9.3/../../../arm-none-eabi/lib/armv7-m/libc.a(lib_a-refill.o)
 .ARM.attributes
                0x000000000000053c       0x2d /usr/lib/gcc/arm-none-eabi/4.9.3/../../../arm-none-eabi/lib/armv7-m/libc.a(lib_a-s_fpclassify.o)
 .ARM.attributes
                0x0000000000000569       0x2d /usr/lib/gcc/arm-none-eabi/4.9.3/../../../arm-none-eabi/lib/armv7-m/libc.a(lib_a-sbrkr.o)
 .ARM.attributes
                0x0000000000000596       0x2d /usr/lib/gcc/arm-none-eabi/4.9.3/../../../arm-none-eabi/lib/armv7-m/libc.a(lib_a-stdio.o)
 .ARM.attributes
                0x00000000000005c3       0x1b /usr/lib/gcc/arm-none-eabi/4.9.3/../../../arm-none-eabi/lib/armv7-m/libc.a(lib_a-strcmp.o)
 .ARM.attributes
                0x00000000000005de       0x2d /usr/lib/gcc/arm-none-eabi/4.9.3/../../../arm-none-eabi/lib/armv7-m/libc.a(lib_a-strlen.o)
 .ARM.attributes
                0x000000000000060b       0x2d /usr/lib/gcc/arm-none-eabi/4.9.3/../../../arm-none-eabi/lib/armv7-m/libc.a(lib_a-vfiprintf.o)
 .ARM.attributes
                0x0000000000000638       0x2d /usr/lib/gcc/arm-none-eabi/4.9.3/../../../arm-none-eabi/lib/armv7-m/libc.a(lib_a-writer.o)
 .ARM.attributes
                0x0000000000000665       0x2d /usr/lib/gcc/arm-none-eabi/4.9.3/../../../arm-none-eabi/lib/armv7-m/libc.a(lib_a-callocr.o)
 .ARM.attributes
                0x0000000000000692       0x2d /usr/lib/gcc/arm-none-eabi/4.9.3/../../../arm-none-eabi/lib/armv7-m/libc.a(lib_a-closer.o)
 .ARM.attributes
                0x00000000000006bf       0x2d /usr/lib/gcc/arm-none-eabi/4.9.3/../../../arm-none-eabi/lib/armv7-m/libc.a(lib_a-fclose.o)
 .ARM.attributes
                0x00000000000006ec       0x2d /usr/lib/gcc/arm-none-eabi/4.9.3/../../../arm-none-eabi/lib/armv7-m/libc.a(lib_a-fputwc.o)
 .ARM.attributes
                0x0000000000000719       0x2d /usr/lib/gcc/arm-none-eabi/4.9.3/../../../arm-none-eabi/lib/armv7-m/libc.a(lib_a-fstatr.o)
 .ARM.attributes
                0x0000000000000746       0x2d /usr/lib/gcc/arm-none-eabi/4.9.3/../../../arm-none-eabi/lib/armv7-m/libc.a(lib_a-fvwrite.o)
 .ARM.attributes
                0x0000000000000773       0x2d /usr/lib/gcc/arm-none-eabi/4.9.3/../../../arm-none-eabi/lib/armv7-m/libc.a(lib_a-isattyr.o)
 .ARM.attributes
                0x00000000000007a0       0x2d /usr/lib/gcc/arm-none-eabi/4.9.3/../../../arm-none-eabi/lib/armv7-m/libc.a(lib_a-lseekr.o)
 .ARM.attributes
                0x00000000000007cd       0x2d /usr/lib/gcc/arm-none-eabi/4.9.3/../../../arm-none-eabi/lib/armv7-m/libc.a(lib_a-memmove.o)
 .ARM.attributes
                0x00000000000007fa       0x2d /usr/lib/gcc/arm-none-eabi/4.9.3/../../../arm-none-eabi/lib/armv7-m/libc.a(lib_a-readr.o)
 .ARM.attributes
                0x0000000000000827       0x2d /usr/lib/gcc/arm-none-eabi/4.9.3/../../../arm-none-eabi/lib/armv7-m/libc.a(lib_a-reallocr.o)
 .ARM.attributes
                0x0000000000000854       0x2d /usr/lib/gcc/arm-none-eabi/4.9.3/../../../arm-none-eabi/lib/armv7-m/libc.a(lib_a-reent.o)
 .ARM.attributes
                0x0000000000000881       0x2d /usr/lib/gcc/arm-none-eabi/4.9.3/../../../arm-none-eabi/lib/armv7-m/libc.a(lib_a-wbuf.o)
 .ARM.attributes
                0x00000000000008ae       0x2d /usr/lib/gcc/arm-none-eabi/4.9.3/../../../arm-none-eabi/lib/armv7-m/libc.a(lib_a-wcrtomb.o)
 .ARM.attributes
                0x00000000000008db       0x2d /usr/lib/gcc/arm-none-eabi/4.9.3/../../../arm-none-eabi/lib/armv7-m/libc.a(lib_a-wctomb_r.o)
 .ARM.attributes
                0x0000000000000908       0x1d /usr/lib/gcc/arm-none-eabi/4.9.3/armv7-m/libgcc.a(_arm_addsubdf3.o)
 .ARM.attributes
                0x0000000000000925       0x1d /usr/lib/gcc/arm-none-eabi/4.9.3/armv7-m/libgcc.a(_arm_muldivdf3.o)
 .ARM.attributes
                0x0000000000000942       0x1d /usr/lib/gcc/arm-none-eabi/4.9.3/armv7-m/libgcc.a(_arm_cmpdf2.o)
 .ARM.attributes
                0x000000000000095f       0x1d /usr/lib/gcc/arm-none-eabi/4.9.3/armv7-m/libgcc.a(_arm_fixdfsi.o)
 .ARM.attributes
                0x000000000000097c       0x1d /usr/lib/gcc/arm-none-eabi/4.9.3/armv7-m/libgcc.a(_aeabi_uldivmod.o)
 .ARM.attributes
                0x0000000000000999       0x2d /usr/lib/gcc/arm-none-eabi/4.9.3/armv7-m/libgcc.a(bpabi.o)
 .ARM.attributes
                0x00000000000009c6       0x1d /usr/lib/gcc/arm-none-eabi/4.9.3/armv7-m/libgcc.a(_dvmd_tls.o)
 .ARM.attributes
                0x00000000000009e3       0x2d /usr/lib/gcc/arm-none-eabi/4.9.3/armv7-m/libgcc.a(_divdi3.o)
 .ARM.attributes
                0x0000000000000a10       0x2d /usr/lib/gcc/arm-none-eabi/4.9.3/armv7-m/libgcc.a(_udivdi3.o)
 .ARM.attributes
                0x0000000000000a3d       0x2d /usr/lib/gcc/arm-none-eabi/4.9.3/../../../arm-none-eabi/lib/armv7-m/libnosys.a(close.o)
 .ARM.attributes
                0x0000000000000a6a       0x2d /usr/lib/gcc/arm-none-eabi/4.9.3/../../../arm-none-eabi/lib/armv7-m/libnosys.a(fstat.o)
 .ARM.attributes
                0x0000000000000a97       0x2d /usr/lib/gcc/arm-none-eabi/4.9.3/../../../arm-none-eabi/lib/armv7-m/libnosys.a(isatty.o)
 .ARM.attributes
                0x0000000000000ac4       0x2d /usr/lib/gcc/arm-none-eabi/4.9.3/../../../arm-none-eabi/lib/armv7-m/libnosys.a(lseek.o)
 .ARM.attributes
                0x0000000000000af1       0x2d /usr/lib/gcc/arm-none-eabi/4.9.3/../../../arm-none-eabi/lib/armv7-m/libnosys.a(sbrk.o)
 .ARM.attributes
                0x0000000000000b1e       0x2d /usr/lib/gcc/arm-none-eabi/4.9.3/armv7-m/crtend.o
 .ARM.attributes
                0x0000000000000b4b       0x1d /usr/lib/gcc/arm-none-eabi/4.9.3/armv7-m/crtn.o

.comment        0x0000000000000000       0x70
 .comment       0x0000000000000000       0x38 /usr/lib/gcc/arm-none-eabi/4.9.3/armv7-m/crtbegin.o
                                         0x39 (size before relaxing)
 .comment       0x0000000000000038       0x39 build/system_LPC17xx.o
 .comment       0x0000000000000038       0x39 build/startup_LPC17xx.o
 .comment       0x0000000000000038       0x39 build/testador.o
 .comment       0x0000000000000038       0x39 build/uart.o
 .comment       0x0000000000000038       0x38 /usr/lib/gcc/arm-none-eabi/4.9.3/../../../arm-none-eabi/lib/armv7-m/libc.a(lib_a-atexit.o)
                                         0x39 (size before relaxing)
 .comment       0x0000000000000070       0x39 /usr/lib/gcc/arm-none-eabi/4.9.3/../../../arm-none-eabi/lib/armv7-m/libc.a(lib_a-fini.o)
 .comment       0x0000000000000070       0x39 /usr/lib/gcc/arm-none-eabi/4.9.3/../../../arm-none-eabi/lib/armv7-m/libc.a(lib_a-gets.o)
 .comment       0x0000000000000070       0x39 /usr/lib/gcc/arm-none-eabi/4.9.3/../../../arm-none-eabi/lib/armv7-m/libc.a(lib_a-impure.o)
 .comment       0x0000000000000070       0x39 /usr/lib/gcc/arm-none-eabi/4.9.3/../../../arm-none-eabi/lib/armv7-m/libc.a(lib_a-memset.o)
 .comment       0x0000000000000070       0x39 /usr/lib/gcc/arm-none-eabi/4.9.3/../../../arm-none-eabi/lib/armv7-m/libc.a(lib_a-printf.o)
 .comment       0x0000000000000070       0x39 /usr/lib/gcc/arm-none-eabi/4.9.3/../../../arm-none-eabi/lib/armv7-m/libc.a(lib_a-rget.o)
 .comment       0x0000000000000070       0x39 /usr/lib/gcc/arm-none-eabi/4.9.3/../../../arm-none-eabi/lib/armv7-m/libc.a(lib_a-vfprintf.o)
 .comment       0x0000000000000070       0x39 /usr/lib/gcc/arm-none-eabi/4.9.3/../../../arm-none-eabi/lib/armv7-m/libc.a(lib_a-wsetup.o)
 .comment       0x0000000000000070       0x39 /usr/lib/gcc/arm-none-eabi/4.9.3/../../../arm-none-eabi/lib/armv7-m/libc.a(lib_a-__atexit.o)
 .comment       0x0000000000000070       0x39 /usr/lib/gcc/arm-none-eabi/4.9.3/../../../arm-none-eabi/lib/armv7-m/libc.a(lib_a-__call_atexit.o)
 .comment       0x0000000000000070       0x39 /usr/lib/gcc/arm-none-eabi/4.9.3/../../../arm-none-eabi/lib/armv7-m/libc.a(lib_a-dtoa.o)
 .comment       0x0000000000000070       0x39 /usr/lib/gcc/arm-none-eabi/4.9.3/../../../arm-none-eabi/lib/armv7-m/libc.a(lib_a-fflush.o)
 .comment       0x0000000000000070       0x39 /usr/lib/gcc/arm-none-eabi/4.9.3/../../../arm-none-eabi/lib/armv7-m/libc.a(lib_a-findfp.o)
 .comment       0x0000000000000070       0x39 /usr/lib/gcc/arm-none-eabi/4.9.3/../../../arm-none-eabi/lib/armv7-m/libc.a(lib_a-freer.o)
 .comment       0x0000000000000070       0x39 /usr/lib/gcc/arm-none-eabi/4.9.3/../../../arm-none-eabi/lib/armv7-m/libc.a(lib_a-fwalk.o)
 .comment       0x0000000000000070       0x39 /usr/lib/gcc/arm-none-eabi/4.9.3/../../../arm-none-eabi/lib/armv7-m/libc.a(lib_a-locale.o)
 .comment       0x0000000000000070       0x39 /usr/lib/gcc/arm-none-eabi/4.9.3/../../../arm-none-eabi/lib/armv7-m/libc.a(lib_a-makebuf.o)
 .comment       0x0000000000000070       0x39 /usr/lib/gcc/arm-none-eabi/4.9.3/../../../arm-none-eabi/lib/armv7-m/libc.a(lib_a-mallocr.o)
 .comment       0x0000000000000070       0x39 /usr/lib/gcc/arm-none-eabi/4.9.3/../../../arm-none-eabi/lib/armv7-m/libc.a(lib_a-memchr.o)
 .comment       0x0000000000000070       0x39 /usr/lib/gcc/arm-none-eabi/4.9.3/../../../arm-none-eabi/lib/armv7-m/libc.a(lib_a-mlock.o)
 .comment       0x0000000000000070       0x39 /usr/lib/gcc/arm-none-eabi/4.9.3/../../../arm-none-eabi/lib/armv7-m/libc.a(lib_a-mprec.o)
 .comment       0x0000000000000070       0x39 /usr/lib/gcc/arm-none-eabi/4.9.3/../../../arm-none-eabi/lib/armv7-m/libc.a(lib_a-refill.o)
 .comment       0x0000000000000070       0x39 /usr/lib/gcc/arm-none-eabi/4.9.3/../../../arm-none-eabi/lib/armv7-m/libc.a(lib_a-s_fpclassify.o)
 .comment       0x0000000000000070       0x39 /usr/lib/gcc/arm-none-eabi/4.9.3/../../../arm-none-eabi/lib/armv7-m/libc.a(lib_a-sbrkr.o)
 .comment       0x0000000000000070       0x39 /usr/lib/gcc/arm-none-eabi/4.9.3/../../../arm-none-eabi/lib/armv7-m/libc.a(lib_a-stdio.o)
 .comment       0x0000000000000070       0x39 /usr/lib/gcc/arm-none-eabi/4.9.3/../../../arm-none-eabi/lib/armv7-m/libc.a(lib_a-strlen.o)
 .comment       0x0000000000000070       0x39 /usr/lib/gcc/arm-none-eabi/4.9.3/../../../arm-none-eabi/lib/armv7-m/libc.a(lib_a-vfiprintf.o)
 .comment       0x0000000000000070       0x39 /usr/lib/gcc/arm-none-eabi/4.9.3/../../../arm-none-eabi/lib/armv7-m/libc.a(lib_a-writer.o)
 .comment       0x0000000000000070       0x39 /usr/lib/gcc/arm-none-eabi/4.9.3/../../../arm-none-eabi/lib/armv7-m/libc.a(lib_a-callocr.o)
 .comment       0x0000000000000070       0x39 /usr/lib/gcc/arm-none-eabi/4.9.3/../../../arm-none-eabi/lib/armv7-m/libc.a(lib_a-closer.o)
 .comment       0x0000000000000070       0x39 /usr/lib/gcc/arm-none-eabi/4.9.3/../../../arm-none-eabi/lib/armv7-m/libc.a(lib_a-fclose.o)
 .comment       0x0000000000000070       0x39 /usr/lib/gcc/arm-none-eabi/4.9.3/../../../arm-none-eabi/lib/armv7-m/libc.a(lib_a-fputwc.o)
 .comment       0x0000000000000070       0x39 /usr/lib/gcc/arm-none-eabi/4.9.3/../../../arm-none-eabi/lib/armv7-m/libc.a(lib_a-fstatr.o)
 .comment       0x0000000000000070       0x39 /usr/lib/gcc/arm-none-eabi/4.9.3/../../../arm-none-eabi/lib/armv7-m/libc.a(lib_a-fvwrite.o)
 .comment       0x0000000000000070       0x39 /usr/lib/gcc/arm-none-eabi/4.9.3/../../../arm-none-eabi/lib/armv7-m/libc.a(lib_a-isattyr.o)
 .comment       0x0000000000000070       0x39 /usr/lib/gcc/arm-none-eabi/4.9.3/../../../arm-none-eabi/lib/armv7-m/libc.a(lib_a-lseekr.o)
 .comment       0x0000000000000070       0x39 /usr/lib/gcc/arm-none-eabi/4.9.3/../../../arm-none-eabi/lib/armv7-m/libc.a(lib_a-memmove.o)
 .comment       0x0000000000000070       0x39 /usr/lib/gcc/arm-none-eabi/4.9.3/../../../arm-none-eabi/lib/armv7-m/libc.a(lib_a-readr.o)
 .comment       0x0000000000000070       0x39 /usr/lib/gcc/arm-none-eabi/4.9.3/../../../arm-none-eabi/lib/armv7-m/libc.a(lib_a-reallocr.o)
 .comment       0x0000000000000070       0x39 /usr/lib/gcc/arm-none-eabi/4.9.3/../../../arm-none-eabi/lib/armv7-m/libc.a(lib_a-reent.o)
 .comment       0x0000000000000070       0x39 /usr/lib/gcc/arm-none-eabi/4.9.3/../../../arm-none-eabi/lib/armv7-m/libc.a(lib_a-wbuf.o)
 .comment       0x0000000000000070       0x39 /usr/lib/gcc/arm-none-eabi/4.9.3/../../../arm-none-eabi/lib/armv7-m/libc.a(lib_a-wcrtomb.o)
 .comment       0x0000000000000070       0x39 /usr/lib/gcc/arm-none-eabi/4.9.3/../../../arm-none-eabi/lib/armv7-m/libc.a(lib_a-wctomb_r.o)
 .comment       0x0000000000000070       0x39 /usr/lib/gcc/arm-none-eabi/4.9.3/armv7-m/libgcc.a(bpabi.o)
 .comment       0x0000000000000070       0x39 /usr/lib/gcc/arm-none-eabi/4.9.3/armv7-m/libgcc.a(_divdi3.o)
 .comment       0x0000000000000070       0x39 /usr/lib/gcc/arm-none-eabi/4.9.3/armv7-m/libgcc.a(_udivdi3.o)
 .comment       0x0000000000000070       0x39 /usr/lib/gcc/arm-none-eabi/4.9.3/../../../arm-none-eabi/lib/armv7-m/libnosys.a(close.o)
 .comment       0x0000000000000070       0x39 /usr/lib/gcc/arm-none-eabi/4.9.3/../../../arm-none-eabi/lib/armv7-m/libnosys.a(fstat.o)
 .comment       0x0000000000000070       0x39 /usr/lib/gcc/arm-none-eabi/4.9.3/../../../arm-none-eabi/lib/armv7-m/libnosys.a(isatty.o)
 .comment       0x0000000000000070       0x39 /usr/lib/gcc/arm-none-eabi/4.9.3/../../../arm-none-eabi/lib/armv7-m/libnosys.a(lseek.o)
 .comment       0x0000000000000070       0x39 /usr/lib/gcc/arm-none-eabi/4.9.3/../../../arm-none-eabi/lib/armv7-m/libnosys.a(sbrk.o)
 .comment       0x0000000000000070       0x39 /usr/lib/gcc/arm-none-eabi/4.9.3/armv7-m/crtend.o

.debug_info     0x0000000000000000    0x1dbee
 .debug_info    0x0000000000000000      0x32a build/system_LPC17xx.o
 .debug_info    0x000000000000032a      0x16a build/startup_LPC17xx.o
 .debug_info    0x0000000000000494      0x102 build/testador.o
 .debug_info    0x0000000000000596      0xe0a build/uart.o
 .debug_info    0x00000000000013a0      0x10a /usr/lib/gcc/arm-none-eabi/4.9.3/../../../arm-none-eabi/lib/armv7-m/libc.a(lib_a-atexit.o)
 .debug_info    0x00000000000014aa       0xef /usr/lib/gcc/arm-none-eabi/4.9.3/../../../arm-none-eabi/lib/armv7-m/libc.a(lib_a-fini.o)
 .debug_info    0x0000000000001599      0x978 /usr/lib/gcc/arm-none-eabi/4.9.3/../../../arm-none-eabi/lib/armv7-m/libc.a(lib_a-gets.o)
 .debug_info    0x0000000000001f11      0x894 /usr/lib/gcc/arm-none-eabi/4.9.3/../../../arm-none-eabi/lib/armv7-m/libc.a(lib_a-impure.o)
 .debug_info    0x00000000000027a5      0x117 /usr/lib/gcc/arm-none-eabi/4.9.3/../../../arm-none-eabi/lib/armv7-m/libc.a(lib_a-memset.o)
 .debug_info    0x00000000000028bc      0x9ab /usr/lib/gcc/arm-none-eabi/4.9.3/../../../arm-none-eabi/lib/armv7-m/libc.a(lib_a-printf.o)
 .debug_info    0x0000000000003267      0x94f /usr/lib/gcc/arm-none-eabi/4.9.3/../../../arm-none-eabi/lib/armv7-m/libc.a(lib_a-rget.o)
 .debug_info    0x0000000000003bb6     0x1836 /usr/lib/gcc/arm-none-eabi/4.9.3/../../../arm-none-eabi/lib/armv7-m/libc.a(lib_a-vfprintf.o)
 .debug_info    0x00000000000053ec      0x93b /usr/lib/gcc/arm-none-eabi/4.9.3/../../../arm-none-eabi/lib/armv7-m/libc.a(lib_a-wsetup.o)
 .debug_info    0x0000000000005d27      0x934 /usr/lib/gcc/arm-none-eabi/4.9.3/../../../arm-none-eabi/lib/armv7-m/libc.a(lib_a-__atexit.o)
 .debug_info    0x000000000000665b      0x9a9 /usr/lib/gcc/arm-none-eabi/4.9.3/../../../arm-none-eabi/lib/armv7-m/libc.a(lib_a-__call_atexit.o)
 .debug_info    0x0000000000007004     0x1352 /usr/lib/gcc/arm-none-eabi/4.9.3/../../../arm-none-eabi/lib/armv7-m/libc.a(lib_a-dtoa.o)
 .debug_info    0x0000000000008356      0xab3 /usr/lib/gcc/arm-none-eabi/4.9.3/../../../arm-none-eabi/lib/armv7-m/libc.a(lib_a-fflush.o)
 .debug_info    0x0000000000008e09      0xdc0 /usr/lib/gcc/arm-none-eabi/4.9.3/../../../arm-none-eabi/lib/armv7-m/libc.a(lib_a-findfp.o)
 .debug_info    0x0000000000009bc9      0xc1c /usr/lib/gcc/arm-none-eabi/4.9.3/../../../arm-none-eabi/lib/armv7-m/libc.a(lib_a-freer.o)
 .debug_info    0x000000000000a7e5      0x99e /usr/lib/gcc/arm-none-eabi/4.9.3/../../../arm-none-eabi/lib/armv7-m/libc.a(lib_a-fwalk.o)
 .debug_info    0x000000000000b183      0xc24 /usr/lib/gcc/arm-none-eabi/4.9.3/../../../arm-none-eabi/lib/armv7-m/libc.a(lib_a-locale.o)
 .debug_info    0x000000000000bda7      0xae6 /usr/lib/gcc/arm-none-eabi/4.9.3/../../../arm-none-eabi/lib/armv7-m/libc.a(lib_a-makebuf.o)
 .debug_info    0x000000000000c88d      0xd77 /usr/lib/gcc/arm-none-eabi/4.9.3/../../../arm-none-eabi/lib/armv7-m/libc.a(lib_a-mallocr.o)
 .debug_info    0x000000000000d604      0x129 /usr/lib/gcc/arm-none-eabi/4.9.3/../../../arm-none-eabi/lib/armv7-m/libc.a(lib_a-memchr.o)
 .debug_info    0x000000000000d72d       0xcd /usr/lib/gcc/arm-none-eabi/4.9.3/../../../arm-none-eabi/lib/armv7-m/libc.a(lib_a-memcpy.o)
 .debug_info    0x000000000000d7fa      0x8b4 /usr/lib/gcc/arm-none-eabi/4.9.3/../../../arm-none-eabi/lib/armv7-m/libc.a(lib_a-mlock.o)
 .debug_info    0x000000000000e0ae     0x167d /usr/lib/gcc/arm-none-eabi/4.9.3/../../../arm-none-eabi/lib/armv7-m/libc.a(lib_a-mprec.o)
 .debug_info    0x000000000000f72b      0xa62 /usr/lib/gcc/arm-none-eabi/4.9.3/../../../arm-none-eabi/lib/armv7-m/libc.a(lib_a-refill.o)
 .debug_info    0x000000000001018d       0xd3 /usr/lib/gcc/arm-none-eabi/4.9.3/../../../arm-none-eabi/lib/armv7-m/libc.a(lib_a-s_fpclassify.o)
 .debug_info    0x0000000000010260      0x8f4 /usr/lib/gcc/arm-none-eabi/4.9.3/../../../arm-none-eabi/lib/armv7-m/libc.a(lib_a-sbrkr.o)
 .debug_info    0x0000000000010b54      0xb8a /usr/lib/gcc/arm-none-eabi/4.9.3/../../../arm-none-eabi/lib/armv7-m/libc.a(lib_a-stdio.o)
 .debug_info    0x00000000000116de       0xcd /usr/lib/gcc/arm-none-eabi/4.9.3/../../../arm-none-eabi/lib/armv7-m/libc.a(lib_a-strcmp.o)
 .debug_info    0x00000000000117ab       0xb5 /usr/lib/gcc/arm-none-eabi/4.9.3/../../../arm-none-eabi/lib/armv7-m/libc.a(lib_a-strlen.o)
 .debug_info    0x0000000000011860     0x152f /usr/lib/gcc/arm-none-eabi/4.9.3/../../../arm-none-eabi/lib/armv7-m/libc.a(lib_a-vfiprintf.o)
 .debug_info    0x0000000000012d8f      0x929 /usr/lib/gcc/arm-none-eabi/4.9.3/../../../arm-none-eabi/lib/armv7-m/libc.a(lib_a-writer.o)
 .debug_info    0x00000000000136b8      0x9e0 /usr/lib/gcc/arm-none-eabi/4.9.3/../../../arm-none-eabi/lib/armv7-m/libc.a(lib_a-callocr.o)
 .debug_info    0x0000000000014098      0x8e0 /usr/lib/gcc/arm-none-eabi/4.9.3/../../../arm-none-eabi/lib/armv7-m/libc.a(lib_a-closer.o)
 .debug_info    0x0000000000014978      0xa28 /usr/lib/gcc/arm-none-eabi/4.9.3/../../../arm-none-eabi/lib/armv7-m/libc.a(lib_a-fclose.o)
 .debug_info    0x00000000000153a0      0xacc /usr/lib/gcc/arm-none-eabi/4.9.3/../../../arm-none-eabi/lib/armv7-m/libc.a(lib_a-fputwc.o)
 .debug_info    0x0000000000015e6c      0xa5e /usr/lib/gcc/arm-none-eabi/4.9.3/../../../arm-none-eabi/lib/armv7-m/libc.a(lib_a-fstatr.o)
 .debug_info    0x00000000000168ca      0xc63 /usr/lib/gcc/arm-none-eabi/4.9.3/../../../arm-none-eabi/lib/armv7-m/libc.a(lib_a-fvwrite.o)
 .debug_info    0x000000000001752d      0x8e0 /usr/lib/gcc/arm-none-eabi/4.9.3/../../../arm-none-eabi/lib/armv7-m/libc.a(lib_a-isattyr.o)
 .debug_info    0x0000000000017e0d      0x90c /usr/lib/gcc/arm-none-eabi/4.9.3/../../../arm-none-eabi/lib/armv7-m/libc.a(lib_a-lseekr.o)
 .debug_info    0x0000000000018719      0x131 /usr/lib/gcc/arm-none-eabi/4.9.3/../../../arm-none-eabi/lib/armv7-m/libc.a(lib_a-memmove.o)
 .debug_info    0x000000000001884a      0x922 /usr/lib/gcc/arm-none-eabi/4.9.3/../../../arm-none-eabi/lib/armv7-m/libc.a(lib_a-readr.o)
 .debug_info    0x000000000001916c      0xcb3 /usr/lib/gcc/arm-none-eabi/4.9.3/../../../arm-none-eabi/lib/armv7-m/libc.a(lib_a-reallocr.o)
 .debug_info    0x0000000000019e1f      0x9fb /usr/lib/gcc/arm-none-eabi/4.9.3/../../../arm-none-eabi/lib/armv7-m/libc.a(lib_a-reent.o)
 .debug_info    0x000000000001a81a      0x9cc /usr/lib/gcc/arm-none-eabi/4.9.3/../../../arm-none-eabi/lib/armv7-m/libc.a(lib_a-wbuf.o)
 .debug_info    0x000000000001b1e6      0xa75 /usr/lib/gcc/arm-none-eabi/4.9.3/../../../arm-none-eabi/lib/armv7-m/libc.a(lib_a-wcrtomb.o)
 .debug_info    0x000000000001bc5b      0x9b5 /usr/lib/gcc/arm-none-eabi/4.9.3/../../../arm-none-eabi/lib/armv7-m/libc.a(lib_a-wctomb_r.o)
 .debug_info    0x000000000001c610       0xba /usr/lib/gcc/arm-none-eabi/4.9.3/armv7-m/libgcc.a(_arm_addsubdf3.o)
 .debug_info    0x000000000001c6ca       0xba /usr/lib/gcc/arm-none-eabi/4.9.3/armv7-m/libgcc.a(_arm_muldivdf3.o)
 .debug_info    0x000000000001c784       0xba /usr/lib/gcc/arm-none-eabi/4.9.3/armv7-m/libgcc.a(_arm_cmpdf2.o)
 .debug_info    0x000000000001c83e       0xba /usr/lib/gcc/arm-none-eabi/4.9.3/armv7-m/libgcc.a(_arm_fixdfsi.o)
 .debug_info    0x000000000001c8f8       0xb5 /usr/lib/gcc/arm-none-eabi/4.9.3/armv7-m/libgcc.a(_aeabi_uldivmod.o)
 .debug_info    0x000000000001c9ad      0x164 /usr/lib/gcc/arm-none-eabi/4.9.3/armv7-m/libgcc.a(bpabi.o)
 .debug_info    0x000000000001cb11       0xb9 /usr/lib/gcc/arm-none-eabi/4.9.3/armv7-m/libgcc.a(_dvmd_tls.o)
 .debug_info    0x000000000001cbca      0x5bc /usr/lib/gcc/arm-none-eabi/4.9.3/armv7-m/libgcc.a(_divdi3.o)
 .debug_info    0x000000000001d186      0x57c /usr/lib/gcc/arm-none-eabi/4.9.3/armv7-m/libgcc.a(_udivdi3.o)
 .debug_info    0x000000000001d702       0xae /usr/lib/gcc/arm-none-eabi/4.9.3/../../../arm-none-eabi/lib/armv7-m/libnosys.a(close.o)
 .debug_info    0x000000000001d7b0      0x22d /usr/lib/gcc/arm-none-eabi/4.9.3/../../../arm-none-eabi/lib/armv7-m/libnosys.a(fstat.o)
 .debug_info    0x000000000001d9dd       0xae /usr/lib/gcc/arm-none-eabi/4.9.3/../../../arm-none-eabi/lib/armv7-m/libnosys.a(isatty.o)
 .debug_info    0x000000000001da8b       0xca /usr/lib/gcc/arm-none-eabi/4.9.3/../../../arm-none-eabi/lib/armv7-m/libnosys.a(lseek.o)
 .debug_info    0x000000000001db55       0x99 /usr/lib/gcc/arm-none-eabi/4.9.3/../../../arm-none-eabi/lib/armv7-m/libnosys.a(sbrk.o)

.debug_abbrev   0x0000000000000000     0x66d3
 .debug_abbrev  0x0000000000000000       0xe3 build/system_LPC17xx.o
 .debug_abbrev  0x00000000000000e3       0xe4 build/startup_LPC17xx.o
 .debug_abbrev  0x00000000000001c7       0xa2 build/testador.o
 .debug_abbrev  0x0000000000000269      0x21e build/uart.o
 .debug_abbrev  0x0000000000000487       0xb8 /usr/lib/gcc/arm-none-eabi/4.9.3/../../../arm-none-eabi/lib/armv7-m/libc.a(lib_a-atexit.o)
 .debug_abbrev  0x000000000000053f       0xbd /usr/lib/gcc/arm-none-eabi/4.9.3/../../../arm-none-eabi/lib/armv7-m/libc.a(lib_a-fini.o)
 .debug_abbrev  0x00000000000005fc      0x248 /usr/lib/gcc/arm-none-eabi/4.9.3/../../../arm-none-eabi/lib/armv7-m/libc.a(lib_a-gets.o)
 .debug_abbrev  0x0000000000000844      0x180 /usr/lib/gcc/arm-none-eabi/4.9.3/../../../arm-none-eabi/lib/armv7-m/libc.a(lib_a-impure.o)
 .debug_abbrev  0x00000000000009c4       0x9f /usr/lib/gcc/arm-none-eabi/4.9.3/../../../arm-none-eabi/lib/armv7-m/libc.a(lib_a-memset.o)
 .debug_abbrev  0x0000000000000a63      0x227 /usr/lib/gcc/arm-none-eabi/4.9.3/../../../arm-none-eabi/lib/armv7-m/libc.a(lib_a-printf.o)
 .debug_abbrev  0x0000000000000c8a      0x22a /usr/lib/gcc/arm-none-eabi/4.9.3/../../../arm-none-eabi/lib/armv7-m/libc.a(lib_a-rget.o)
 .debug_abbrev  0x0000000000000eb4      0x3e0 /usr/lib/gcc/arm-none-eabi/4.9.3/../../../arm-none-eabi/lib/armv7-m/libc.a(lib_a-vfprintf.o)
 .debug_abbrev  0x0000000000001294      0x20b /usr/lib/gcc/arm-none-eabi/4.9.3/../../../arm-none-eabi/lib/armv7-m/libc.a(lib_a-wsetup.o)
 .debug_abbrev  0x000000000000149f      0x20f /usr/lib/gcc/arm-none-eabi/4.9.3/../../../arm-none-eabi/lib/armv7-m/libc.a(lib_a-__atexit.o)
 .debug_abbrev  0x00000000000016ae      0x285 /usr/lib/gcc/arm-none-eabi/4.9.3/../../../arm-none-eabi/lib/armv7-m/libc.a(lib_a-__call_atexit.o)
 .debug_abbrev  0x0000000000001933      0x2bc /usr/lib/gcc/arm-none-eabi/4.9.3/../../../arm-none-eabi/lib/armv7-m/libc.a(lib_a-dtoa.o)
 .debug_abbrev  0x0000000000001bef      0x2a1 /usr/lib/gcc/arm-none-eabi/4.9.3/../../../arm-none-eabi/lib/armv7-m/libc.a(lib_a-fflush.o)
 .debug_abbrev  0x0000000000001e90      0x36d /usr/lib/gcc/arm-none-eabi/4.9.3/../../../arm-none-eabi/lib/armv7-m/libc.a(lib_a-findfp.o)
 .debug_abbrev  0x00000000000021fd      0x27b /usr/lib/gcc/arm-none-eabi/4.9.3/../../../arm-none-eabi/lib/armv7-m/libc.a(lib_a-freer.o)
 .debug_abbrev  0x0000000000002478      0x1c2 /usr/lib/gcc/arm-none-eabi/4.9.3/../../../arm-none-eabi/lib/armv7-m/libc.a(lib_a-fwalk.o)
 .debug_abbrev  0x000000000000263a      0x2ac /usr/lib/gcc/arm-none-eabi/4.9.3/../../../arm-none-eabi/lib/armv7-m/libc.a(lib_a-locale.o)
 .debug_abbrev  0x00000000000028e6      0x206 /usr/lib/gcc/arm-none-eabi/4.9.3/../../../arm-none-eabi/lib/armv7-m/libc.a(lib_a-makebuf.o)
 .debug_abbrev  0x0000000000002aec      0x2ad /usr/lib/gcc/arm-none-eabi/4.9.3/../../../arm-none-eabi/lib/armv7-m/libc.a(lib_a-mallocr.o)
 .debug_abbrev  0x0000000000002d99       0xba /usr/lib/gcc/arm-none-eabi/4.9.3/../../../arm-none-eabi/lib/armv7-m/libc.a(lib_a-memchr.o)
 .debug_abbrev  0x0000000000002e53       0x14 /usr/lib/gcc/arm-none-eabi/4.9.3/../../../arm-none-eabi/lib/armv7-m/libc.a(lib_a-memcpy.o)
 .debug_abbrev  0x0000000000002e67      0x19a /usr/lib/gcc/arm-none-eabi/4.9.3/../../../arm-none-eabi/lib/armv7-m/libc.a(lib_a-mlock.o)
 .debug_abbrev  0x0000000000003001      0x39d /usr/lib/gcc/arm-none-eabi/4.9.3/../../../arm-none-eabi/lib/armv7-m/libc.a(lib_a-mprec.o)
 .debug_abbrev  0x000000000000339e      0x276 /usr/lib/gcc/arm-none-eabi/4.9.3/../../../arm-none-eabi/lib/armv7-m/libc.a(lib_a-refill.o)
 .debug_abbrev  0x0000000000003614       0x6d /usr/lib/gcc/arm-none-eabi/4.9.3/../../../arm-none-eabi/lib/armv7-m/libc.a(lib_a-s_fpclassify.o)
 .debug_abbrev  0x0000000000003681      0x1fd /usr/lib/gcc/arm-none-eabi/4.9.3/../../../arm-none-eabi/lib/armv7-m/libc.a(lib_a-sbrkr.o)
 .debug_abbrev  0x000000000000387e      0x246 /usr/lib/gcc/arm-none-eabi/4.9.3/../../../arm-none-eabi/lib/armv7-m/libc.a(lib_a-stdio.o)
 .debug_abbrev  0x0000000000003ac4       0x14 /usr/lib/gcc/arm-none-eabi/4.9.3/../../../arm-none-eabi/lib/armv7-m/libc.a(lib_a-strcmp.o)
 .debug_abbrev  0x0000000000003ad8       0x70 /usr/lib/gcc/arm-none-eabi/4.9.3/../../../arm-none-eabi/lib/armv7-m/libc.a(lib_a-strlen.o)
 .debug_abbrev  0x0000000000003b48      0x3c9 /usr/lib/gcc/arm-none-eabi/4.9.3/../../../arm-none-eabi/lib/armv7-m/libc.a(lib_a-vfiprintf.o)
 .debug_abbrev  0x0000000000003f11      0x1f4 /usr/lib/gcc/arm-none-eabi/4.9.3/../../../arm-none-eabi/lib/armv7-m/libc.a(lib_a-writer.o)
 .debug_abbrev  0x0000000000004105      0x213 /usr/lib/gcc/arm-none-eabi/4.9.3/../../../arm-none-eabi/lib/armv7-m/libc.a(lib_a-callocr.o)
 .debug_abbrev  0x0000000000004318      0x1ef /usr/lib/gcc/arm-none-eabi/4.9.3/../../../arm-none-eabi/lib/armv7-m/libc.a(lib_a-closer.o)
 .debug_abbrev  0x0000000000004507      0x2aa /usr/lib/gcc/arm-none-eabi/4.9.3/../../../arm-none-eabi/lib/armv7-m/libc.a(lib_a-fclose.o)
 .debug_abbrev  0x00000000000047b1      0x28e /usr/lib/gcc/arm-none-eabi/4.9.3/../../../arm-none-eabi/lib/armv7-m/libc.a(lib_a-fputwc.o)
 .debug_abbrev  0x0000000000004a3f      0x1fe /usr/lib/gcc/arm-none-eabi/4.9.3/../../../arm-none-eabi/lib/armv7-m/libc.a(lib_a-fstatr.o)
 .debug_abbrev  0x0000000000004c3d      0x24a /usr/lib/gcc/arm-none-eabi/4.9.3/../../../arm-none-eabi/lib/armv7-m/libc.a(lib_a-fvwrite.o)
 .debug_abbrev  0x0000000000004e87      0x1ef /usr/lib/gcc/arm-none-eabi/4.9.3/../../../arm-none-eabi/lib/armv7-m/libc.a(lib_a-isattyr.o)
 .debug_abbrev  0x0000000000005076      0x1fe /usr/lib/gcc/arm-none-eabi/4.9.3/../../../arm-none-eabi/lib/armv7-m/libc.a(lib_a-lseekr.o)
 .debug_abbrev  0x0000000000005274       0xab /usr/lib/gcc/arm-none-eabi/4.9.3/../../../arm-none-eabi/lib/armv7-m/libc.a(lib_a-memmove.o)
 .debug_abbrev  0x000000000000531f      0x1ef /usr/lib/gcc/arm-none-eabi/4.9.3/../../../arm-none-eabi/lib/armv7-m/libc.a(lib_a-readr.o)
 .debug_abbrev  0x000000000000550e      0x260 /usr/lib/gcc/arm-none-eabi/4.9.3/../../../arm-none-eabi/lib/armv7-m/libc.a(lib_a-reallocr.o)
 .debug_abbrev  0x000000000000576e      0x25c /usr/lib/gcc/arm-none-eabi/4.9.3/../../../arm-none-eabi/lib/armv7-m/libc.a(lib_a-reent.o)
 .debug_abbrev  0x00000000000059ca      0x25b /usr/lib/gcc/arm-none-eabi/4.9.3/../../../arm-none-eabi/lib/armv7-m/libc.a(lib_a-wbuf.o)
 .debug_abbrev  0x0000000000005c25      0x222 /usr/lib/gcc/arm-none-eabi/4.9.3/../../../arm-none-eabi/lib/armv7-m/libc.a(lib_a-wcrtomb.o)
 .debug_abbrev  0x0000000000005e47      0x212 /usr/lib/gcc/arm-none-eabi/4.9.3/../../../arm-none-eabi/lib/armv7-m/libc.a(lib_a-wctomb_r.o)
 .debug_abbrev  0x0000000000006059       0x14 /usr/lib/gcc/arm-none-eabi/4.9.3/armv7-m/libgcc.a(_arm_addsubdf3.o)
 .debug_abbrev  0x000000000000606d       0x14 /usr/lib/gcc/arm-none-eabi/4.9.3/armv7-m/libgcc.a(_arm_muldivdf3.o)
 .debug_abbrev  0x0000000000006081       0x14 /usr/lib/gcc/arm-none-eabi/4.9.3/armv7-m/libgcc.a(_arm_cmpdf2.o)
 .debug_abbrev  0x0000000000006095       0x14 /usr/lib/gcc/arm-none-eabi/4.9.3/armv7-m/libgcc.a(_arm_fixdfsi.o)
 .debug_abbrev  0x00000000000060a9       0x14 /usr/lib/gcc/arm-none-eabi/4.9.3/armv7-m/libgcc.a(_aeabi_uldivmod.o)
 .debug_abbrev  0x00000000000060bd       0xb7 /usr/lib/gcc/arm-none-eabi/4.9.3/armv7-m/libgcc.a(bpabi.o)
 .debug_abbrev  0x0000000000006174       0x14 /usr/lib/gcc/arm-none-eabi/4.9.3/armv7-m/libgcc.a(_dvmd_tls.o)
 .debug_abbrev  0x0000000000006188      0x169 /usr/lib/gcc/arm-none-eabi/4.9.3/armv7-m/libgcc.a(_divdi3.o)
 .debug_abbrev  0x00000000000062f1      0x154 /usr/lib/gcc/arm-none-eabi/4.9.3/armv7-m/libgcc.a(_udivdi3.o)
 .debug_abbrev  0x0000000000006445       0x66 /usr/lib/gcc/arm-none-eabi/4.9.3/../../../arm-none-eabi/lib/armv7-m/libnosys.a(close.o)
 .debug_abbrev  0x00000000000064ab       0xbb /usr/lib/gcc/arm-none-eabi/4.9.3/../../../arm-none-eabi/lib/armv7-m/libnosys.a(fstat.o)
 .debug_abbrev  0x0000000000006566       0x66 /usr/lib/gcc/arm-none-eabi/4.9.3/../../../arm-none-eabi/lib/armv7-m/libnosys.a(isatty.o)
 .debug_abbrev  0x00000000000065cc       0x84 /usr/lib/gcc/arm-none-eabi/4.9.3/../../../arm-none-eabi/lib/armv7-m/libnosys.a(lseek.o)
 .debug_abbrev  0x0000000000006650       0x83 /usr/lib/gcc/arm-none-eabi/4.9.3/../../../arm-none-eabi/lib/armv7-m/libnosys.a(sbrk.o)

.debug_aranges  0x0000000000000000      0xaa0
 .debug_aranges
                0x0000000000000000       0x28 build/system_LPC17xx.o
 .debug_aranges
                0x0000000000000028       0x28 build/startup_LPC17xx.o
 .debug_aranges
                0x0000000000000050       0x20 build/testador.o
 .debug_aranges
                0x0000000000000070       0xa8 build/uart.o
 .debug_aranges
                0x0000000000000118       0x20 /usr/lib/gcc/arm-none-eabi/4.9.3/../../../arm-none-eabi/lib/armv7-m/libc.a(lib_a-atexit.o)
 .debug_aranges
                0x0000000000000138       0x20 /usr/lib/gcc/arm-none-eabi/4.9.3/../../../arm-none-eabi/lib/armv7-m/libc.a(lib_a-fini.o)
 .debug_aranges
                0x0000000000000158       0x28 /usr/lib/gcc/arm-none-eabi/4.9.3/../../../arm-none-eabi/lib/armv7-m/libc.a(lib_a-gets.o)
 .debug_aranges
                0x0000000000000180       0x18 /usr/lib/gcc/arm-none-eabi/4.9.3/../../../arm-none-eabi/lib/armv7-m/libc.a(lib_a-impure.o)
 .debug_aranges
                0x0000000000000198       0x20 /usr/lib/gcc/arm-none-eabi/4.9.3/../../../arm-none-eabi/lib/armv7-m/libc.a(lib_a-memset.o)
 .debug_aranges
                0x00000000000001b8       0x28 /usr/lib/gcc/arm-none-eabi/4.9.3/../../../arm-none-eabi/lib/armv7-m/libc.a(lib_a-printf.o)
 .debug_aranges
                0x00000000000001e0       0x28 /usr/lib/gcc/arm-none-eabi/4.9.3/../../../arm-none-eabi/lib/armv7-m/libc.a(lib_a-rget.o)
 .debug_aranges
                0x0000000000000208       0x30 /usr/lib/gcc/arm-none-eabi/4.9.3/../../../arm-none-eabi/lib/armv7-m/libc.a(lib_a-vfprintf.o)
 .debug_aranges
                0x0000000000000238       0x20 /usr/lib/gcc/arm-none-eabi/4.9.3/../../../arm-none-eabi/lib/armv7-m/libc.a(lib_a-wsetup.o)
 .debug_aranges
                0x0000000000000258       0x20 /usr/lib/gcc/arm-none-eabi/4.9.3/../../../arm-none-eabi/lib/armv7-m/libc.a(lib_a-__atexit.o)
 .debug_aranges
                0x0000000000000278       0x28 /usr/lib/gcc/arm-none-eabi/4.9.3/../../../arm-none-eabi/lib/armv7-m/libc.a(lib_a-__call_atexit.o)
 .debug_aranges
                0x00000000000002a0       0x28 /usr/lib/gcc/arm-none-eabi/4.9.3/../../../arm-none-eabi/lib/armv7-m/libc.a(lib_a-dtoa.o)
 .debug_aranges
                0x00000000000002c8       0x30 /usr/lib/gcc/arm-none-eabi/4.9.3/../../../arm-none-eabi/lib/armv7-m/libc.a(lib_a-fflush.o)
 .debug_aranges
                0x00000000000002f8       0x88 /usr/lib/gcc/arm-none-eabi/4.9.3/../../../arm-none-eabi/lib/armv7-m/libc.a(lib_a-findfp.o)
 .debug_aranges
                0x0000000000000380       0x28 /usr/lib/gcc/arm-none-eabi/4.9.3/../../../arm-none-eabi/lib/armv7-m/libc.a(lib_a-freer.o)
 .debug_aranges
                0x00000000000003a8       0x28 /usr/lib/gcc/arm-none-eabi/4.9.3/../../../arm-none-eabi/lib/armv7-m/libc.a(lib_a-fwalk.o)
 .debug_aranges
                0x00000000000003d0       0x58 /usr/lib/gcc/arm-none-eabi/4.9.3/../../../arm-none-eabi/lib/armv7-m/libc.a(lib_a-locale.o)
 .debug_aranges
                0x0000000000000428       0x20 /usr/lib/gcc/arm-none-eabi/4.9.3/../../../arm-none-eabi/lib/armv7-m/libc.a(lib_a-makebuf.o)
 .debug_aranges
                0x0000000000000448       0x20 /usr/lib/gcc/arm-none-eabi/4.9.3/../../../arm-none-eabi/lib/armv7-m/libc.a(lib_a-mallocr.o)
 .debug_aranges
                0x0000000000000468       0x20 /usr/lib/gcc/arm-none-eabi/4.9.3/../../../arm-none-eabi/lib/armv7-m/libc.a(lib_a-memchr.o)
 .debug_aranges
                0x0000000000000488       0x20 /usr/lib/gcc/arm-none-eabi/4.9.3/../../../arm-none-eabi/lib/armv7-m/libc.a(lib_a-memcpy.o)
 .debug_aranges
                0x00000000000004a8       0x28 /usr/lib/gcc/arm-none-eabi/4.9.3/../../../arm-none-eabi/lib/armv7-m/libc.a(lib_a-mlock.o)
 .debug_aranges
                0x00000000000004d0       0xb0 /usr/lib/gcc/arm-none-eabi/4.9.3/../../../arm-none-eabi/lib/armv7-m/libc.a(lib_a-mprec.o)
 .debug_aranges
                0x0000000000000580       0x28 /usr/lib/gcc/arm-none-eabi/4.9.3/../../../arm-none-eabi/lib/armv7-m/libc.a(lib_a-refill.o)
 .debug_aranges
                0x00000000000005a8       0x20 /usr/lib/gcc/arm-none-eabi/4.9.3/../../../arm-none-eabi/lib/armv7-m/libc.a(lib_a-s_fpclassify.o)
 .debug_aranges
                0x00000000000005c8       0x20 /usr/lib/gcc/arm-none-eabi/4.9.3/../../../arm-none-eabi/lib/armv7-m/libc.a(lib_a-sbrkr.o)
 .debug_aranges
                0x00000000000005e8       0x40 /usr/lib/gcc/arm-none-eabi/4.9.3/../../../arm-none-eabi/lib/armv7-m/libc.a(lib_a-stdio.o)
 .debug_aranges
                0x0000000000000628       0x20 /usr/lib/gcc/arm-none-eabi/4.9.3/../../../arm-none-eabi/lib/armv7-m/libc.a(lib_a-strcmp.o)
 .debug_aranges
                0x0000000000000648       0x20 /usr/lib/gcc/arm-none-eabi/4.9.3/../../../arm-none-eabi/lib/armv7-m/libc.a(lib_a-strlen.o)
 .debug_aranges
                0x0000000000000668       0x40 /usr/lib/gcc/arm-none-eabi/4.9.3/../../../arm-none-eabi/lib/armv7-m/libc.a(lib_a-vfiprintf.o)
 .debug_aranges
                0x00000000000006a8       0x20 /usr/lib/gcc/arm-none-eabi/4.9.3/../../../arm-none-eabi/lib/armv7-m/libc.a(lib_a-writer.o)
 .debug_aranges
                0x00000000000006c8       0x20 /usr/lib/gcc/arm-none-eabi/4.9.3/../../../arm-none-eabi/lib/armv7-m/libc.a(lib_a-callocr.o)
 .debug_aranges
                0x00000000000006e8       0x20 /usr/lib/gcc/arm-none-eabi/4.9.3/../../../arm-none-eabi/lib/armv7-m/libc.a(lib_a-closer.o)
 .debug_aranges
                0x0000000000000708       0x28 /usr/lib/gcc/arm-none-eabi/4.9.3/../../../arm-none-eabi/lib/armv7-m/libc.a(lib_a-fclose.o)
 .debug_aranges
                0x0000000000000730       0x30 /usr/lib/gcc/arm-none-eabi/4.9.3/../../../arm-none-eabi/lib/armv7-m/libc.a(lib_a-fputwc.o)
 .debug_aranges
                0x0000000000000760       0x20 /usr/lib/gcc/arm-none-eabi/4.9.3/../../../arm-none-eabi/lib/armv7-m/libc.a(lib_a-fstatr.o)
 .debug_aranges
                0x0000000000000780       0x20 /usr/lib/gcc/arm-none-eabi/4.9.3/../../../arm-none-eabi/lib/armv7-m/libc.a(lib_a-fvwrite.o)
 .debug_aranges
                0x00000000000007a0       0x20 /usr/lib/gcc/arm-none-eabi/4.9.3/../../../arm-none-eabi/lib/armv7-m/libc.a(lib_a-isattyr.o)
 .debug_aranges
                0x00000000000007c0       0x20 /usr/lib/gcc/arm-none-eabi/4.9.3/../../../arm-none-eabi/lib/armv7-m/libc.a(lib_a-lseekr.o)
 .debug_aranges
                0x00000000000007e0       0x20 /usr/lib/gcc/arm-none-eabi/4.9.3/../../../arm-none-eabi/lib/armv7-m/libc.a(lib_a-memmove.o)
 .debug_aranges
                0x0000000000000800       0x20 /usr/lib/gcc/arm-none-eabi/4.9.3/../../../arm-none-eabi/lib/armv7-m/libc.a(lib_a-readr.o)
 .debug_aranges
                0x0000000000000820       0x20 /usr/lib/gcc/arm-none-eabi/4.9.3/../../../arm-none-eabi/lib/armv7-m/libc.a(lib_a-reallocr.o)
 .debug_aranges
                0x0000000000000840       0x28 /usr/lib/gcc/arm-none-eabi/4.9.3/../../../arm-none-eabi/lib/armv7-m/libc.a(lib_a-reent.o)
 .debug_aranges
                0x0000000000000868       0x28 /usr/lib/gcc/arm-none-eabi/4.9.3/../../../arm-none-eabi/lib/armv7-m/libc.a(lib_a-wbuf.o)
 .debug_aranges
                0x0000000000000890       0x28 /usr/lib/gcc/arm-none-eabi/4.9.3/../../../arm-none-eabi/lib/armv7-m/libc.a(lib_a-wcrtomb.o)
 .debug_aranges
                0x00000000000008b8       0x28 /usr/lib/gcc/arm-none-eabi/4.9.3/../../../arm-none-eabi/lib/armv7-m/libc.a(lib_a-wctomb_r.o)
 .debug_aranges
                0x00000000000008e0       0x20 /usr/lib/gcc/arm-none-eabi/4.9.3/armv7-m/libgcc.a(_arm_addsubdf3.o)
 .debug_aranges
                0x0000000000000900       0x20 /usr/lib/gcc/arm-none-eabi/4.9.3/armv7-m/libgcc.a(_arm_muldivdf3.o)
 .debug_aranges
                0x0000000000000920       0x20 /usr/lib/gcc/arm-none-eabi/4.9.3/armv7-m/libgcc.a(_arm_cmpdf2.o)
 .debug_aranges
                0x0000000000000940       0x20 /usr/lib/gcc/arm-none-eabi/4.9.3/armv7-m/libgcc.a(_arm_fixdfsi.o)
 .debug_aranges
                0x0000000000000960       0x20 /usr/lib/gcc/arm-none-eabi/4.9.3/armv7-m/libgcc.a(_aeabi_uldivmod.o)
 .debug_aranges
                0x0000000000000980       0x20 /usr/lib/gcc/arm-none-eabi/4.9.3/armv7-m/libgcc.a(bpabi.o)
 .debug_aranges
                0x00000000000009a0       0x20 /usr/lib/gcc/arm-none-eabi/4.9.3/armv7-m/libgcc.a(_dvmd_tls.o)
 .debug_aranges
                0x00000000000009c0       0x20 /usr/lib/gcc/arm-none-eabi/4.9.3/armv7-m/libgcc.a(_divdi3.o)
 .debug_aranges
                0x00000000000009e0       0x20 /usr/lib/gcc/arm-none-eabi/4.9.3/armv7-m/libgcc.a(_udivdi3.o)
 .debug_aranges
                0x0000000000000a00       0x20 /usr/lib/gcc/arm-none-eabi/4.9.3/../../../arm-none-eabi/lib/armv7-m/libnosys.a(close.o)
 .debug_aranges
                0x0000000000000a20       0x20 /usr/lib/gcc/arm-none-eabi/4.9.3/../../../arm-none-eabi/lib/armv7-m/libnosys.a(fstat.o)
 .debug_aranges
                0x0000000000000a40       0x20 /usr/lib/gcc/arm-none-eabi/4.9.3/../../../arm-none-eabi/lib/armv7-m/libnosys.a(isatty.o)
 .debug_aranges
                0x0000000000000a60       0x20 /usr/lib/gcc/arm-none-eabi/4.9.3/../../../arm-none-eabi/lib/armv7-m/libnosys.a(lseek.o)
 .debug_aranges
                0x0000000000000a80       0x20 /usr/lib/gcc/arm-none-eabi/4.9.3/../../../arm-none-eabi/lib/armv7-m/libnosys.a(sbrk.o)

.debug_ranges   0x0000000000000000      0xf00
 .debug_ranges  0x0000000000000000       0x18 build/system_LPC17xx.o
 .debug_ranges  0x0000000000000018       0x18 build/startup_LPC17xx.o
 .debug_ranges  0x0000000000000030       0x10 build/testador.o
 .debug_ranges  0x0000000000000040       0x98 build/uart.o
 .debug_ranges  0x00000000000000d8       0x10 /usr/lib/gcc/arm-none-eabi/4.9.3/../../../arm-none-eabi/lib/armv7-m/libc.a(lib_a-atexit.o)
 .debug_ranges  0x00000000000000e8       0x10 /usr/lib/gcc/arm-none-eabi/4.9.3/../../../arm-none-eabi/lib/armv7-m/libc.a(lib_a-fini.o)
 .debug_ranges  0x00000000000000f8       0x38 /usr/lib/gcc/arm-none-eabi/4.9.3/../../../arm-none-eabi/lib/armv7-m/libc.a(lib_a-gets.o)
 .debug_ranges  0x0000000000000130       0x10 /usr/lib/gcc/arm-none-eabi/4.9.3/../../../arm-none-eabi/lib/armv7-m/libc.a(lib_a-memset.o)
 .debug_ranges  0x0000000000000140       0x18 /usr/lib/gcc/arm-none-eabi/4.9.3/../../../arm-none-eabi/lib/armv7-m/libc.a(lib_a-printf.o)
 .debug_ranges  0x0000000000000158       0x30 /usr/lib/gcc/arm-none-eabi/4.9.3/../../../arm-none-eabi/lib/armv7-m/libc.a(lib_a-rget.o)
 .debug_ranges  0x0000000000000188      0x148 /usr/lib/gcc/arm-none-eabi/4.9.3/../../../arm-none-eabi/lib/armv7-m/libc.a(lib_a-vfprintf.o)
 .debug_ranges  0x00000000000002d0       0x38 /usr/lib/gcc/arm-none-eabi/4.9.3/../../../arm-none-eabi/lib/armv7-m/libc.a(lib_a-wsetup.o)
 .debug_ranges  0x0000000000000308       0x10 /usr/lib/gcc/arm-none-eabi/4.9.3/../../../arm-none-eabi/lib/armv7-m/libc.a(lib_a-__atexit.o)
 .debug_ranges  0x0000000000000318       0x30 /usr/lib/gcc/arm-none-eabi/4.9.3/../../../arm-none-eabi/lib/armv7-m/libc.a(lib_a-__call_atexit.o)
 .debug_ranges  0x0000000000000348       0x18 /usr/lib/gcc/arm-none-eabi/4.9.3/../../../arm-none-eabi/lib/armv7-m/libc.a(lib_a-dtoa.o)
 .debug_ranges  0x0000000000000360       0x80 /usr/lib/gcc/arm-none-eabi/4.9.3/../../../arm-none-eabi/lib/armv7-m/libc.a(lib_a-fflush.o)
 .debug_ranges  0x00000000000003e0       0xe0 /usr/lib/gcc/arm-none-eabi/4.9.3/../../../arm-none-eabi/lib/armv7-m/libc.a(lib_a-findfp.o)
 .debug_ranges  0x00000000000004c0       0x18 /usr/lib/gcc/arm-none-eabi/4.9.3/../../../arm-none-eabi/lib/armv7-m/libc.a(lib_a-freer.o)
 .debug_ranges  0x00000000000004d8       0x18 /usr/lib/gcc/arm-none-eabi/4.9.3/../../../arm-none-eabi/lib/armv7-m/libc.a(lib_a-fwalk.o)
 .debug_ranges  0x00000000000004f0       0x48 /usr/lib/gcc/arm-none-eabi/4.9.3/../../../arm-none-eabi/lib/armv7-m/libc.a(lib_a-locale.o)
 .debug_ranges  0x0000000000000538       0x10 /usr/lib/gcc/arm-none-eabi/4.9.3/../../../arm-none-eabi/lib/armv7-m/libc.a(lib_a-makebuf.o)
 .debug_ranges  0x0000000000000548       0x50 /usr/lib/gcc/arm-none-eabi/4.9.3/../../../arm-none-eabi/lib/armv7-m/libc.a(lib_a-mallocr.o)
 .debug_ranges  0x0000000000000598       0x10 /usr/lib/gcc/arm-none-eabi/4.9.3/../../../arm-none-eabi/lib/armv7-m/libc.a(lib_a-memchr.o)
 .debug_ranges  0x00000000000005a8       0x18 /usr/lib/gcc/arm-none-eabi/4.9.3/../../../arm-none-eabi/lib/armv7-m/libc.a(lib_a-mlock.o)
 .debug_ranges  0x00000000000005c0      0x108 /usr/lib/gcc/arm-none-eabi/4.9.3/../../../arm-none-eabi/lib/armv7-m/libc.a(lib_a-mprec.o)
 .debug_ranges  0x00000000000006c8       0x30 /usr/lib/gcc/arm-none-eabi/4.9.3/../../../arm-none-eabi/lib/armv7-m/libc.a(lib_a-refill.o)
 .debug_ranges  0x00000000000006f8       0x10 /usr/lib/gcc/arm-none-eabi/4.9.3/../../../arm-none-eabi/lib/armv7-m/libc.a(lib_a-s_fpclassify.o)
 .debug_ranges  0x0000000000000708       0x10 /usr/lib/gcc/arm-none-eabi/4.9.3/../../../arm-none-eabi/lib/armv7-m/libc.a(lib_a-sbrkr.o)
 .debug_ranges  0x0000000000000718       0x30 /usr/lib/gcc/arm-none-eabi/4.9.3/../../../arm-none-eabi/lib/armv7-m/libc.a(lib_a-stdio.o)
 .debug_ranges  0x0000000000000748       0x10 /usr/lib/gcc/arm-none-eabi/4.9.3/../../../arm-none-eabi/lib/armv7-m/libc.a(lib_a-strlen.o)
 .debug_ranges  0x0000000000000758      0x1f8 /usr/lib/gcc/arm-none-eabi/4.9.3/../../../arm-none-eabi/lib/armv7-m/libc.a(lib_a-vfiprintf.o)
 .debug_ranges  0x0000000000000950       0x10 /usr/lib/gcc/arm-none-eabi/4.9.3/../../../arm-none-eabi/lib/armv7-m/libc.a(lib_a-writer.o)
 .debug_ranges  0x0000000000000960       0x50 /usr/lib/gcc/arm-none-eabi/4.9.3/../../../arm-none-eabi/lib/armv7-m/libc.a(lib_a-callocr.o)
 .debug_ranges  0x00000000000009b0       0x10 /usr/lib/gcc/arm-none-eabi/4.9.3/../../../arm-none-eabi/lib/armv7-m/libc.a(lib_a-closer.o)
 .debug_ranges  0x00000000000009c0       0x48 /usr/lib/gcc/arm-none-eabi/4.9.3/../../../arm-none-eabi/lib/armv7-m/libc.a(lib_a-fclose.o)
 .debug_ranges  0x0000000000000a08       0x20 /usr/lib/gcc/arm-none-eabi/4.9.3/../../../arm-none-eabi/lib/armv7-m/libc.a(lib_a-fputwc.o)
 .debug_ranges  0x0000000000000a28       0x10 /usr/lib/gcc/arm-none-eabi/4.9.3/../../../arm-none-eabi/lib/armv7-m/libc.a(lib_a-fstatr.o)
 .debug_ranges  0x0000000000000a38       0x38 /usr/lib/gcc/arm-none-eabi/4.9.3/../../../arm-none-eabi/lib/armv7-m/libc.a(lib_a-fvwrite.o)
 .debug_ranges  0x0000000000000a70       0x10 /usr/lib/gcc/arm-none-eabi/4.9.3/../../../arm-none-eabi/lib/armv7-m/libc.a(lib_a-isattyr.o)
 .debug_ranges  0x0000000000000a80       0x10 /usr/lib/gcc/arm-none-eabi/4.9.3/../../../arm-none-eabi/lib/armv7-m/libc.a(lib_a-lseekr.o)
 .debug_ranges  0x0000000000000a90       0x10 /usr/lib/gcc/arm-none-eabi/4.9.3/../../../arm-none-eabi/lib/armv7-m/libc.a(lib_a-memmove.o)
 .debug_ranges  0x0000000000000aa0       0x10 /usr/lib/gcc/arm-none-eabi/4.9.3/../../../arm-none-eabi/lib/armv7-m/libc.a(lib_a-readr.o)
 .debug_ranges  0x0000000000000ab0      0x1a8 /usr/lib/gcc/arm-none-eabi/4.9.3/../../../arm-none-eabi/lib/armv7-m/libc.a(lib_a-reallocr.o)
 .debug_ranges  0x0000000000000c58       0x18 /usr/lib/gcc/arm-none-eabi/4.9.3/../../../arm-none-eabi/lib/armv7-m/libc.a(lib_a-reent.o)
 .debug_ranges  0x0000000000000c70       0x30 /usr/lib/gcc/arm-none-eabi/4.9.3/../../../arm-none-eabi/lib/armv7-m/libc.a(lib_a-wbuf.o)
 .debug_ranges  0x0000000000000ca0       0x18 /usr/lib/gcc/arm-none-eabi/4.9.3/../../../arm-none-eabi/lib/armv7-m/libc.a(lib_a-wcrtomb.o)
 .debug_ranges  0x0000000000000cb8       0x18 /usr/lib/gcc/arm-none-eabi/4.9.3/../../../arm-none-eabi/lib/armv7-m/libc.a(lib_a-wctomb_r.o)
 .debug_ranges  0x0000000000000cd0       0xf0 /usr/lib/gcc/arm-none-eabi/4.9.3/armv7-m/libgcc.a(_divdi3.o)
 .debug_ranges  0x0000000000000dc0       0xf0 /usr/lib/gcc/arm-none-eabi/4.9.3/armv7-m/libgcc.a(_udivdi3.o)
 .debug_ranges  0x0000000000000eb0       0x10 /usr/lib/gcc/arm-none-eabi/4.9.3/../../../arm-none-eabi/lib/armv7-m/libnosys.a(close.o)
 .debug_ranges  0x0000000000000ec0       0x10 /usr/lib/gcc/arm-none-eabi/4.9.3/../../../arm-none-eabi/lib/armv7-m/libnosys.a(fstat.o)
 .debug_ranges  0x0000000000000ed0       0x10 /usr/lib/gcc/arm-none-eabi/4.9.3/../../../arm-none-eabi/lib/armv7-m/libnosys.a(isatty.o)
 .debug_ranges  0x0000000000000ee0       0x10 /usr/lib/gcc/arm-none-eabi/4.9.3/../../../arm-none-eabi/lib/armv7-m/libnosys.a(lseek.o)
 .debug_ranges  0x0000000000000ef0       0x10 /usr/lib/gcc/arm-none-eabi/4.9.3/../../../arm-none-eabi/lib/armv7-m/libnosys.a(sbrk.o)

.debug_line     0x0000000000000000     0x71bb
 .debug_line    0x0000000000000000      0x136 build/system_LPC17xx.o
 .debug_line    0x0000000000000136       0xdb build/startup_LPC17xx.o
 .debug_line    0x0000000000000211       0xbc build/testador.o
 .debug_line    0x00000000000002cd      0x2c9 build/uart.o
 .debug_line    0x0000000000000596       0xc1 /usr/lib/gcc/arm-none-eabi/4.9.3/../../../arm-none-eabi/lib/armv7-m/libc.a(lib_a-atexit.o)
 .debug_line    0x0000000000000657       0x9c /usr/lib/gcc/arm-none-eabi/4.9.3/../../../arm-none-eabi/lib/armv7-m/libc.a(lib_a-fini.o)
 .debug_line    0x00000000000006f3      0x19b /usr/lib/gcc/arm-none-eabi/4.9.3/../../../arm-none-eabi/lib/armv7-m/libc.a(lib_a-gets.o)
 .debug_line    0x000000000000088e       0xf1 /usr/lib/gcc/arm-none-eabi/4.9.3/../../../arm-none-eabi/lib/armv7-m/libc.a(lib_a-impure.o)
 .debug_line    0x000000000000097f      0x119 /usr/lib/gcc/arm-none-eabi/4.9.3/../../../arm-none-eabi/lib/armv7-m/libc.a(lib_a-memset.o)
 .debug_line    0x0000000000000a98      0x18b /usr/lib/gcc/arm-none-eabi/4.9.3/../../../arm-none-eabi/lib/armv7-m/libc.a(lib_a-printf.o)
 .debug_line    0x0000000000000c23      0x184 /usr/lib/gcc/arm-none-eabi/4.9.3/../../../arm-none-eabi/lib/armv7-m/libc.a(lib_a-rget.o)
 .debug_line    0x0000000000000da7      0x9c9 /usr/lib/gcc/arm-none-eabi/4.9.3/../../../arm-none-eabi/lib/armv7-m/libc.a(lib_a-vfprintf.o)
 .debug_line    0x0000000000001770      0x1be /usr/lib/gcc/arm-none-eabi/4.9.3/../../../arm-none-eabi/lib/armv7-m/libc.a(lib_a-wsetup.o)
 .debug_line    0x000000000000192e      0x19c /usr/lib/gcc/arm-none-eabi/4.9.3/../../../arm-none-eabi/lib/armv7-m/libc.a(lib_a-__atexit.o)
 .debug_line    0x0000000000001aca      0x1c5 /usr/lib/gcc/arm-none-eabi/4.9.3/../../../arm-none-eabi/lib/armv7-m/libc.a(lib_a-__call_atexit.o)
 .debug_line    0x0000000000001c8f      0x6cc /usr/lib/gcc/arm-none-eabi/4.9.3/../../../arm-none-eabi/lib/armv7-m/libc.a(lib_a-dtoa.o)
 .debug_line    0x000000000000235b      0x262 /usr/lib/gcc/arm-none-eabi/4.9.3/../../../arm-none-eabi/lib/armv7-m/libc.a(lib_a-fflush.o)
 .debug_line    0x00000000000025bd      0x313 /usr/lib/gcc/arm-none-eabi/4.9.3/../../../arm-none-eabi/lib/armv7-m/libc.a(lib_a-findfp.o)
 .debug_line    0x00000000000028d0      0x271 /usr/lib/gcc/arm-none-eabi/4.9.3/../../../arm-none-eabi/lib/armv7-m/libc.a(lib_a-freer.o)
 .debug_line    0x0000000000002b41      0x1a3 /usr/lib/gcc/arm-none-eabi/4.9.3/../../../arm-none-eabi/lib/armv7-m/libc.a(lib_a-fwalk.o)
 .debug_line    0x0000000000002ce4      0x203 /usr/lib/gcc/arm-none-eabi/4.9.3/../../../arm-none-eabi/lib/armv7-m/libc.a(lib_a-locale.o)
 .debug_line    0x0000000000002ee7      0x1e5 /usr/lib/gcc/arm-none-eabi/4.9.3/../../../arm-none-eabi/lib/armv7-m/libc.a(lib_a-makebuf.o)
 .debug_line    0x00000000000030cc      0x385 /usr/lib/gcc/arm-none-eabi/4.9.3/../../../arm-none-eabi/lib/armv7-m/libc.a(lib_a-mallocr.o)
 .debug_line    0x0000000000003451      0x11d /usr/lib/gcc/arm-none-eabi/4.9.3/../../../arm-none-eabi/lib/armv7-m/libc.a(lib_a-memchr.o)
 .debug_line    0x000000000000356e       0xbb /usr/lib/gcc/arm-none-eabi/4.9.3/../../../arm-none-eabi/lib/armv7-m/libc.a(lib_a-memcpy.o)
 .debug_line    0x0000000000003629      0x10f /usr/lib/gcc/arm-none-eabi/4.9.3/../../../arm-none-eabi/lib/armv7-m/libc.a(lib_a-mlock.o)
 .debug_line    0x0000000000003738      0x6ea /usr/lib/gcc/arm-none-eabi/4.9.3/../../../arm-none-eabi/lib/armv7-m/libc.a(lib_a-mprec.o)
 .debug_line    0x0000000000003e22      0x208 /usr/lib/gcc/arm-none-eabi/4.9.3/../../../arm-none-eabi/lib/armv7-m/libc.a(lib_a-refill.o)
 .debug_line    0x000000000000402a      0x149 /usr/lib/gcc/arm-none-eabi/4.9.3/../../../arm-none-eabi/lib/armv7-m/libc.a(lib_a-s_fpclassify.o)
 .debug_line    0x0000000000004173      0x161 /usr/lib/gcc/arm-none-eabi/4.9.3/../../../arm-none-eabi/lib/armv7-m/libc.a(lib_a-sbrkr.o)
 .debug_line    0x00000000000042d4      0x1d0 /usr/lib/gcc/arm-none-eabi/4.9.3/../../../arm-none-eabi/lib/armv7-m/libc.a(lib_a-stdio.o)
 .debug_line    0x00000000000044a4      0x100 /usr/lib/gcc/arm-none-eabi/4.9.3/../../../arm-none-eabi/lib/armv7-m/libc.a(lib_a-strcmp.o)
 .debug_line    0x00000000000045a4       0xf2 /usr/lib/gcc/arm-none-eabi/4.9.3/../../../arm-none-eabi/lib/armv7-m/libc.a(lib_a-strlen.o)
 .debug_line    0x0000000000004696      0x749 /usr/lib/gcc/arm-none-eabi/4.9.3/../../../arm-none-eabi/lib/armv7-m/libc.a(lib_a-vfiprintf.o)
 .debug_line    0x0000000000004ddf      0x163 /usr/lib/gcc/arm-none-eabi/4.9.3/../../../arm-none-eabi/lib/armv7-m/libc.a(lib_a-writer.o)
 .debug_line    0x0000000000004f42      0x131 /usr/lib/gcc/arm-none-eabi/4.9.3/../../../arm-none-eabi/lib/armv7-m/libc.a(lib_a-callocr.o)
 .debug_line    0x0000000000005073      0x162 /usr/lib/gcc/arm-none-eabi/4.9.3/../../../arm-none-eabi/lib/armv7-m/libc.a(lib_a-closer.o)
 .debug_line    0x00000000000051d5      0x1b0 /usr/lib/gcc/arm-none-eabi/4.9.3/../../../arm-none-eabi/lib/armv7-m/libc.a(lib_a-fclose.o)
 .debug_line    0x0000000000005385      0x200 /usr/lib/gcc/arm-none-eabi/4.9.3/../../../arm-none-eabi/lib/armv7-m/libc.a(lib_a-fputwc.o)
 .debug_line    0x0000000000005585      0x177 /usr/lib/gcc/arm-none-eabi/4.9.3/../../../arm-none-eabi/lib/armv7-m/libc.a(lib_a-fstatr.o)
 .debug_line    0x00000000000056fc      0x2d8 /usr/lib/gcc/arm-none-eabi/4.9.3/../../../arm-none-eabi/lib/armv7-m/libc.a(lib_a-fvwrite.o)
 .debug_line    0x00000000000059d4      0x163 /usr/lib/gcc/arm-none-eabi/4.9.3/../../../arm-none-eabi/lib/armv7-m/libc.a(lib_a-isattyr.o)
 .debug_line    0x0000000000005b37      0x163 /usr/lib/gcc/arm-none-eabi/4.9.3/../../../arm-none-eabi/lib/armv7-m/libc.a(lib_a-lseekr.o)
 .debug_line    0x0000000000005c9a      0x128 /usr/lib/gcc/arm-none-eabi/4.9.3/../../../arm-none-eabi/lib/armv7-m/libc.a(lib_a-memmove.o)
 .debug_line    0x0000000000005dc2      0x162 /usr/lib/gcc/arm-none-eabi/4.9.3/../../../arm-none-eabi/lib/armv7-m/libc.a(lib_a-readr.o)
 .debug_line    0x0000000000005f24      0x2af /usr/lib/gcc/arm-none-eabi/4.9.3/../../../arm-none-eabi/lib/armv7-m/libc.a(lib_a-reallocr.o)
 .debug_line    0x00000000000061d3      0x19a /usr/lib/gcc/arm-none-eabi/4.9.3/../../../arm-none-eabi/lib/armv7-m/libc.a(lib_a-reent.o)
 .debug_line    0x000000000000636d      0x1e7 /usr/lib/gcc/arm-none-eabi/4.9.3/../../../arm-none-eabi/lib/armv7-m/libc.a(lib_a-wbuf.o)
 .debug_line    0x0000000000006554      0x190 /usr/lib/gcc/arm-none-eabi/4.9.3/../../../arm-none-eabi/lib/armv7-m/libc.a(lib_a-wcrtomb.o)
 .debug_line    0x00000000000066e4      0x191 /usr/lib/gcc/arm-none-eabi/4.9.3/../../../arm-none-eabi/lib/armv7-m/libc.a(lib_a-wctomb_r.o)
 .debug_line    0x0000000000006875      0x176 /usr/lib/gcc/arm-none-eabi/4.9.3/armv7-m/libgcc.a(_arm_addsubdf3.o)
 .debug_line    0x00000000000069eb      0x19a /usr/lib/gcc/arm-none-eabi/4.9.3/armv7-m/libgcc.a(_arm_muldivdf3.o)
 .debug_line    0x0000000000006b85       0xb7 /usr/lib/gcc/arm-none-eabi/4.9.3/armv7-m/libgcc.a(_arm_cmpdf2.o)
 .debug_line    0x0000000000006c3c       0x77 /usr/lib/gcc/arm-none-eabi/4.9.3/armv7-m/libgcc.a(_arm_fixdfsi.o)
 .debug_line    0x0000000000006cb3       0x62 /usr/lib/gcc/arm-none-eabi/4.9.3/armv7-m/libgcc.a(_aeabi_uldivmod.o)
 .debug_line    0x0000000000006d15       0x64 /usr/lib/gcc/arm-none-eabi/4.9.3/armv7-m/libgcc.a(bpabi.o)
 .debug_line    0x0000000000006d79       0x5e /usr/lib/gcc/arm-none-eabi/4.9.3/armv7-m/libgcc.a(_dvmd_tls.o)